Archive member included to satisfy reference by file (symbol)

D:/NXP/S32DS_ARM_v2018.R1/Cross_Tools/gcc-6.3-arm32-eabi/arm-none-eabi/newlib/lib/thumb/v7e-m/fpv4-sp/hard\libc_nano.a(lib_a-exit.o)
                              D:/NXP/S32DS_ARM_v2018.R1/Cross_Tools/gcc-6.3-arm32-eabi/arm-none-eabi/newlib/lib/thumb/v7e-m/fpv4-sp/hard/crt0.o (exit)
D:/NXP/S32DS_ARM_v2018.R1/Cross_Tools/gcc-6.3-arm32-eabi/arm-none-eabi/newlib/lib/thumb/v7e-m/fpv4-sp/hard\libc_nano.a(lib_a-impure.o)
                              D:/NXP/S32DS_ARM_v2018.R1/Cross_Tools/gcc-6.3-arm32-eabi/arm-none-eabi/newlib/lib/thumb/v7e-m/fpv4-sp/hard\libc_nano.a(lib_a-exit.o) (_global_impure_ptr)
D:/NXP/S32DS_ARM_v2018.R1/Cross_Tools/gcc-6.3-arm32-eabi/arm-none-eabi/newlib/lib/thumb/v7e-m/fpv4-sp/hard\libc_nano.a(lib_a-init.o)
                              D:/NXP/S32DS_ARM_v2018.R1/Cross_Tools/gcc-6.3-arm32-eabi/arm-none-eabi/newlib/lib/thumb/v7e-m/fpv4-sp/hard/crt0.o (__libc_init_array)
D:/NXP/S32DS_ARM_v2018.R1/Cross_Tools/gcc-6.3-arm32-eabi/arm-none-eabi/newlib/lib/thumb/v7e-m/fpv4-sp/hard\libc_nano.a(lib_a-memset.o)
                              D:/NXP/S32DS_ARM_v2018.R1/Cross_Tools/gcc-6.3-arm32-eabi/arm-none-eabi/newlib/lib/thumb/v7e-m/fpv4-sp/hard/crt0.o (memset)
D:/NXP/S32DS_ARM_v2018.R1/Cross_Tools/gcc-6.3-arm32-eabi/arm-none-eabi/newlib/lib/thumb/v7e-m/fpv4-sp/hard\librdimon_nano.a(rdimon-_exit.o)
                              D:/NXP/S32DS_ARM_v2018.R1/Cross_Tools/gcc-6.3-arm32-eabi/arm-none-eabi/newlib/lib/thumb/v7e-m/fpv4-sp/hard\libc_nano.a(lib_a-exit.o) (_exit)
D:/NXP/S32DS_ARM_v2018.R1/Cross_Tools/gcc-6.3-arm32-eabi/arm-none-eabi/newlib/lib/thumb/v7e-m/fpv4-sp/hard\librdimon_nano.a(rdimon-_kill.o)
                              D:/NXP/S32DS_ARM_v2018.R1/Cross_Tools/gcc-6.3-arm32-eabi/arm-none-eabi/newlib/lib/thumb/v7e-m/fpv4-sp/hard\librdimon_nano.a(rdimon-_exit.o) (_kill)

Allocating common symbols
Common symbol       size              file

dmaController1Chn1_State
                    0x10              ./Generated_Code/dmaController1.o
dmaController1Chn3_State
                    0x10              ./Generated_Code/dmaController1.o
g_xtal0ClkFreq      0x4               ./SDK/platform/drivers/src/clock/S32K1xx/clock_S32K1xx.o
g_RtcClkInFreq      0x4               ./SDK/platform/drivers/src/clock/S32K1xx/clock_S32K1xx.o
g_TClkFreq          0xc               ./SDK/platform/drivers/src/clock/S32K1xx/clock_S32K1xx.o
dmaController1Chn2_State
                    0x10              ./Generated_Code/dmaController1.o
spi_0State          0x34              ./Generated_Code/spi_0.o
dmaController1_State
                    0x40              ./Generated_Code/dmaController1.o
dmaController1Chn0_State
                    0x10              ./Generated_Code/dmaController1.o

Discarded input sections

 .text          0x00000000        0x0 d:/nxp/s32ds_arm_v2018.r1/cross_tools/gcc-6.3-arm32-eabi/bin/../lib/gcc/arm-none-eabi/6.3.1/thumb/v7e-m/fpv4-sp/hard/crti.o
 .data          0x00000000        0x0 d:/nxp/s32ds_arm_v2018.r1/cross_tools/gcc-6.3-arm32-eabi/bin/../lib/gcc/arm-none-eabi/6.3.1/thumb/v7e-m/fpv4-sp/hard/crti.o
 .bss           0x00000000        0x0 d:/nxp/s32ds_arm_v2018.r1/cross_tools/gcc-6.3-arm32-eabi/bin/../lib/gcc/arm-none-eabi/6.3.1/thumb/v7e-m/fpv4-sp/hard/crti.o
 .text          0x00000000       0xa4 d:/nxp/s32ds_arm_v2018.r1/cross_tools/gcc-6.3-arm32-eabi/bin/../lib/gcc/arm-none-eabi/6.3.1/thumb/v7e-m/fpv4-sp/hard/crtbegin.o
 .data          0x00000000        0x4 d:/nxp/s32ds_arm_v2018.r1/cross_tools/gcc-6.3-arm32-eabi/bin/../lib/gcc/arm-none-eabi/6.3.1/thumb/v7e-m/fpv4-sp/hard/crtbegin.o
 .bss           0x00000000       0x1c d:/nxp/s32ds_arm_v2018.r1/cross_tools/gcc-6.3-arm32-eabi/bin/../lib/gcc/arm-none-eabi/6.3.1/thumb/v7e-m/fpv4-sp/hard/crtbegin.o
 .init_array    0x00000000        0x4 d:/nxp/s32ds_arm_v2018.r1/cross_tools/gcc-6.3-arm32-eabi/bin/../lib/gcc/arm-none-eabi/6.3.1/thumb/v7e-m/fpv4-sp/hard/crtbegin.o
 .fini_array    0x00000000        0x4 d:/nxp/s32ds_arm_v2018.r1/cross_tools/gcc-6.3-arm32-eabi/bin/../lib/gcc/arm-none-eabi/6.3.1/thumb/v7e-m/fpv4-sp/hard/crtbegin.o
 .eh_frame      0x00000000        0x0 d:/nxp/s32ds_arm_v2018.r1/cross_tools/gcc-6.3-arm32-eabi/bin/../lib/gcc/arm-none-eabi/6.3.1/thumb/v7e-m/fpv4-sp/hard/crtbegin.o
 .jcr           0x00000000        0x0 d:/nxp/s32ds_arm_v2018.r1/cross_tools/gcc-6.3-arm32-eabi/bin/../lib/gcc/arm-none-eabi/6.3.1/thumb/v7e-m/fpv4-sp/hard/crtbegin.o
 .tm_clone_table
                0x00000000        0x0 d:/nxp/s32ds_arm_v2018.r1/cross_tools/gcc-6.3-arm32-eabi/bin/../lib/gcc/arm-none-eabi/6.3.1/thumb/v7e-m/fpv4-sp/hard/crtbegin.o
 .comment       0x00000000       0xa1 d:/nxp/s32ds_arm_v2018.r1/cross_tools/gcc-6.3-arm32-eabi/bin/../lib/gcc/arm-none-eabi/6.3.1/thumb/v7e-m/fpv4-sp/hard/crtbegin.o
 .ARM.attributes
                0x00000000       0x34 d:/nxp/s32ds_arm_v2018.r1/cross_tools/gcc-6.3-arm32-eabi/bin/../lib/gcc/arm-none-eabi/6.3.1/thumb/v7e-m/fpv4-sp/hard/crtbegin.o
[...]
Memory Configuration

Name             Origin             Length             Attributes
m_interrupts     0x00000000         0x00000400         xr
m_flash_config   0x00000400         0x00000010         xr
m_text           0x00000410         0x0007fbf0         xr
m_data           0x1fff8000         0x00008000         rw
m_data_2         0x20000000         0x00007000         rw
*default*        0x00000000         0xffffffff

Linker script and memory map

LOAD d:/nxp/s32ds_arm_v2018.r1/cross_tools/gcc-6.3-arm32-eabi/bin/../lib/gcc/arm-none-eabi/6.3.1/thumb/v7e-m/fpv4-sp/hard/crti.o
LOAD d:/nxp/s32ds_arm_v2018.r1/cross_tools/gcc-6.3-arm32-eabi/bin/../lib/gcc/arm-none-eabi/6.3.1/thumb/v7e-m/fpv4-sp/hard/crtbegin.o
LOAD D:/NXP/S32DS_ARM_v2018.R1/Cross_Tools/gcc-6.3-arm32-eabi/arm-none-eabi/newlib/lib/thumb/v7e-m/fpv4-sp/hard/crt0.o
LOAD ./Sources/spi/spi.o
LOAD ./Sources/main.o
LOAD ./Sources/board/board.o
LOAD ./SDK/rtos/osif/osif_baremetal.o
LOAD ./SDK/platform/drivers/src/pins/pins_port_hw_access.o
LOAD ./SDK/platform/drivers/src/pins/pins_driver.o
LOAD ./SDK/platform/drivers/src/lpspi/lpspi_slave_driver.o
LOAD ./SDK/platform/drivers/src/lpspi/lpspi_shared_function.o
LOAD ./SDK/platform/drivers/src/lpspi/lpspi_master_driver.o
LOAD ./SDK/platform/drivers/src/lpspi/lpspi_irq.o
LOAD ./SDK/platform/drivers/src/lpspi/lpspi_hw_access.o
LOAD ./SDK/platform/drivers/src/interrupt/interrupt_manager.o
LOAD ./SDK/platform/drivers/src/edma/edma_irq.o
LOAD ./SDK/platform/drivers/src/edma/edma_hw_access.o
LOAD ./SDK/platform/drivers/src/edma/edma_driver.o
LOAD ./SDK/platform/drivers/src/clock/S32K1xx/clock_S32K1xx.o
LOAD ./SDK/platform/devices/startup.o
LOAD ./SDK/platform/devices/S32K144/startup/system_S32K144.o
LOAD ./Project_Settings/Startup_Code/startup_S32K144.o
LOAD ./Generated_Code/spi_0.o
LOAD ./Generated_Code/pin_mux.o
LOAD ./Generated_Code/dmaController1.o
LOAD ./Generated_Code/clockMan1.o
LOAD ./Generated_Code/Cpu.o
LOAD D:/NXP/S32DS_ARM_v2018.R1/Cross_Tools/gcc-6.3-arm32-eabi/arm-none-eabi/newlib/lib/thumb/v7e-m/fpv4-sp/hard\libc_nano.a
LOAD d:/nxp/s32ds_arm_v2018.r1/cross_tools/gcc-6.3-arm32-eabi/bin/../lib/gcc/arm-none-eabi/6.3.1/thumb/v7e-m/fpv4-sp/hard\libgcc.a
LOAD D:/NXP/S32DS_ARM_v2018.R1/Cross_Tools/gcc-6.3-arm32-eabi/arm-none-eabi/newlib/lib/thumb/v7e-m/fpv4-sp/hard\libm.a
LOAD D:/NXP/S32DS_ARM_v2018.R1/Cross_Tools/gcc-6.3-arm32-eabi/arm-none-eabi/newlib/lib/thumb/v7e-m/fpv4-sp/hard\librdimon_nano.a
START GROUP
LOAD d:/nxp/s32ds_arm_v2018.r1/cross_tools/gcc-6.3-arm32-eabi/bin/../lib/gcc/arm-none-eabi/6.3.1/thumb/v7e-m/fpv4-sp/hard\libgcc.a
LOAD D:/NXP/S32DS_ARM_v2018.R1/Cross_Tools/gcc-6.3-arm32-eabi/arm-none-eabi/newlib/lib/thumb/v7e-m/fpv4-sp/hard\libc_nano.a
END GROUP
START GROUP
LOAD d:/nxp/s32ds_arm_v2018.r1/cross_tools/gcc-6.3-arm32-eabi/bin/../lib/gcc/arm-none-eabi/6.3.1/thumb/v7e-m/fpv4-sp/hard\libgcc.a
LOAD D:/NXP/S32DS_ARM_v2018.R1/Cross_Tools/gcc-6.3-arm32-eabi/arm-none-eabi/newlib/lib/thumb/v7e-m/fpv4-sp/hard\libc_nano.a
LOAD D:/NXP/S32DS_ARM_v2018.R1/Cross_Tools/gcc-6.3-arm32-eabi/arm-none-eabi/newlib/lib/thumb/v7e-m/fpv4-sp/hard\libnosys.a
END GROUP
START GROUP
LOAD d:/nxp/s32ds_arm_v2018.r1/cross_tools/gcc-6.3-arm32-eabi/bin/../lib/gcc/arm-none-eabi/6.3.1/thumb/v7e-m/fpv4-sp/hard\libgcc.a
LOAD D:/NXP/S32DS_ARM_v2018.R1/Cross_Tools/gcc-6.3-arm32-eabi/arm-none-eabi/newlib/lib/thumb/v7e-m/fpv4-sp/hard\libc_nano.a
LOAD D:/NXP/S32DS_ARM_v2018.R1/Cross_Tools/gcc-6.3-arm32-eabi/arm-none-eabi/newlib/lib/thumb/v7e-m/fpv4-sp/hard\libnosys.a
END GROUP
LOAD d:/nxp/s32ds_arm_v2018.r1/cross_tools/gcc-6.3-arm32-eabi/bin/../lib/gcc/arm-none-eabi/6.3.1/thumb/v7e-m/fpv4-sp/hard/crtend.o
LOAD d:/nxp/s32ds_arm_v2018.r1/cross_tools/gcc-6.3-arm32-eabi/bin/../lib/gcc/arm-none-eabi/6.3.1/thumb/v7e-m/fpv4-sp/hard/crtn.o
                0x00000400                HEAP_SIZE = DEFINED (__heap_size__)?__heap_size__:0x400
                0x00000400                STACK_SIZE = DEFINED (__stack_size__)?__stack_size__:0x400
                0x00000400                M_VECTOR_RAM_SIZE = DEFINED (__flash_vector_table__)?0x0:0x400

.interrupts     0x00000000      0x400
                0x00000000                __VECTOR_TABLE = .
                0x00000000                __interrupts_start__ = .
                0x00000000                . = ALIGN (0x4)
 *(.isr_vector)
 .isr_vector    0x00000000      0x400 ./Project_Settings/Startup_Code/startup_S32K144.o
                0x00000000                __isr_vector
                0x00000400                __interrupts_end__ = .
                0x00000400                . = ALIGN (0x4)

.flash_config   0x00000400       0x10
                0x00000400                . = ALIGN (0x4)
 *(.FlashConfig)
 .FlashConfig   0x00000400       0x10 ./Project_Settings/Startup_Code/startup_S32K144.o
                0x00000410                . = ALIGN (0x4)

.text           0x00000410     0x3ab0
                0x00000410                . = ALIGN (0x4)
 *(.text)
 .text          0x00000410       0x6c ./Project_Settings/Startup_Code/startup_S32K144.o
                0x00000410                Reset_Handler
                0x00000478                DebugMon_Handler
                0x00000478                Reserved88_IRQHandler
                0x00000478                CAN0_ORed_IRQHandler
                0x00000478                HardFault_Handler
                0x00000478                Reserved86_IRQHandler
                0x00000478                Reserved103_IRQHandler
                0x00000478                FTM2_Ovf_Reload_IRQHandler
                0x00000478                Reserved50_IRQHandler
                0x00000478                FTFC_Fault_IRQHandler
                0x00000478                FTM0_Ch6_Ch7_IRQHandler
                0x00000478                Reserved114_IRQHandler
                0x00000478                PendSV_Handler
                0x00000478                NMI_Handler
                0x00000478                Reserved89_IRQHandler
                0x00000478                ERM_double_fault_IRQHandler
                0x00000478                Reserved59_IRQHandler
                0x00000478                LPIT0_Ch0_IRQHandler
                0x00000478                Reserved99_IRQHandler
                0x00000478                FTM3_Ch6_Ch7_IRQHandler
                0x00000478                CAN2_ORed_0_15_MB_IRQHandler
                0x00000478                LPIT0_Ch3_IRQHandler
                0x00000478                Reserved92_IRQHandler
                0x00000478                FTM0_Ch4_Ch5_IRQHandler
                0x00000478                CAN1_Error_IRQHandler
                0x00000478                FTM3_Ch0_Ch1_IRQHandler
                0x00000478                SWI_IRQHandler
                0x00000478                ADC0_IRQHandler
                0x00000478                FTM2_Ch4_Ch5_IRQHandler
                0x00000478                UsageFault_Handler
                0x00000478                FTM0_Ovf_Reload_IRQHandler
                0x00000478                DefaultISR
                0x00000478                Reserved58_IRQHandler
                0x00000478                CAN1_ORed_0_15_MB_IRQHandler
                0x00000478                FTM1_Ch2_Ch3_IRQHandler
                0x00000478                Reserved82_IRQHandler
                0x00000478                CAN0_ORed_16_31_MB_IRQHandler
                0x00000478                LPI2C0_Slave_IRQHandler
                0x00000478                Reserved71_IRQHandler
                0x00000478                PORTD_IRQHandler
                0x00000478                Reserved69_IRQHandler
                0x00000478                PORTB_IRQHandler
                0x00000478                Reserved70_IRQHandler
                0x00000478                ADC1_IRQHandler
                0x00000478                FTM2_Ch2_Ch3_IRQHandler
                0x00000478                Reserved53_IRQHandler
                0x00000478                RTC_IRQHandler
                0x00000478                PDB0_IRQHandler
                0x00000478                Reserved54_IRQHandler
                0x00000478                FTM2_Ch6_Ch7_IRQHandler
                0x00000478                FTM3_Ch2_Ch3_IRQHandler
                0x00000478                FTM2_Ch0_Ch1_IRQHandler
                0x00000478                LPUART1_RxTx_IRQHandler
                0x00000478                RTC_Seconds_IRQHandler
                0x00000478                CAN2_ORed_IRQHandler
                0x00000478                Reserved72_IRQHandler
                0x00000478                Reserved110_IRQHandler
                0x00000478                Reserved107_IRQHandler
                0x00000478                Read_Collision_IRQHandler
                0x00000478                CAN2_Error_IRQHandler
                0x00000478                FTFC_IRQHandler
                0x00000478                FTM1_Ch6_Ch7_IRQHandler
                0x00000478                Reserved105_IRQHandler
                0x00000478                LPIT0_Ch1_IRQHandler
                0x00000478                FTM1_Ch4_Ch5_IRQHandler
                0x00000478                FTM3_Ovf_Reload_IRQHandler
                0x00000478                LPUART2_RxTx_IRQHandler
                0x00000478                WDOG_EWM_IRQHandler
                0x00000478                MemManage_Handler
                0x00000478                Reserved90_IRQHandler
                0x00000478                Reserved83_IRQHandler
                0x00000478                FTM0_Fault_IRQHandler
                0x00000478                Reserved48_IRQHandler
                0x00000478                SVC_Handler
                0x00000478                ERM_single_fault_IRQHandler
                0x00000478                FTM2_Fault_IRQHandler
                0x00000478                FTM0_Ch2_Ch3_IRQHandler
                0x00000478                FTM0_Ch0_Ch1_IRQHandler
                0x00000478                FTM3_Fault_IRQHandler
                0x00000478                RCM_IRQHandler
                0x00000478                Reserved100_IRQHandler
                0x00000478                Reserved91_IRQHandler
                0x00000478                CAN1_ORed_IRQHandler
                0x00000478                SCG_IRQHandler
                0x00000478                PDB1_IRQHandler
                0x00000478                Reserved81_IRQHandler
                0x00000478                Reserved46_IRQHandler
                0x00000478                Reserved45_IRQHandler
                0x00000478                CAN0_Error_IRQHandler
                0x00000478                Reserved112_IRQHandler
                0x00000478                LPI2C0_Master_IRQHandler
                0x00000478                FTM1_Fault_IRQHandler
                0x00000478                Reserved106_IRQHandler
                0x00000478                LVD_LVW_IRQHandler
                0x00000478                LPIT0_Ch2_IRQHandler
                0x00000478                PORTA_IRQHandler
                0x00000478                MCM_IRQHandler
                0x00000478                FTM3_Ch4_Ch5_IRQHandler
                0x00000478                CAN0_ORed_0_15_MB_IRQHandler
                0x00000478                PORTE_IRQHandler
                0x00000478                LPUART0_RxTx_IRQHandler
                0x00000478                LPTMR0_IRQHandler
                0x00000478                BusFault_Handler
                0x00000478                Reserved87_IRQHandler
                0x00000478                FTM1_Ovf_Reload_IRQHandler
                0x00000478                Reserved93_IRQHandler
                0x00000478                CAN0_Wake_Up_IRQHandler
                0x00000478                CMP0_IRQHandler
                0x00000478                Reserved52_IRQHandler
                0x00000478                PORTC_IRQHandler
                0x00000478                FTM1_Ch0_Ch1_IRQHandler
                0x00000478                FLEXIO_IRQHandler
                0x00000478                Reserved113_IRQHandler
 *(.text*)
 .text.spi_init
                0x0000047c       0x74 ./Sources/spi/spi.o
                0x0000047c                spi_init
 .text.spi_transer_blocking
                0x000004f0       0x40 ./Sources/spi/spi.o
                0x000004f0                spi_transer_blocking
 .text.delay    0x00000530       0x1c ./Sources/main.o
                0x00000530                delay
 .text.lcd_write_cmd
                0x0000054c       0x30 ./Sources/main.o
                0x0000054c                lcd_write_cmd
 .text.lcd_write_data8
                0x0000057c       0x30 ./Sources/main.o
                0x0000057c                lcd_write_data8
 .text.lcd_write_data16
                0x000005ac       0x34 ./Sources/main.o
                0x000005ac                lcd_write_data16
 .text.lcd_init
                0x000005e0      0x244 ./Sources/main.o
                0x000005e0                lcd_init
 .text.lcd_set_region
                0x00000824       0x56 ./Sources/main.o
                0x00000824                lcd_set_region
 .text.lcd_clear
                0x0000087a       0x2a ./Sources/main.o
                0x0000087a                lcd_clear
 .text.lcd_show_image
                0x000008a4       0x4c ./Sources/main.o
                0x000008a4                lcd_show_image
 .text.main     0x000008f0       0x54 ./Sources/main.o
                0x000008f0                main
 .text.pin_isr  0x00000944       0x38 ./Sources/board/board.o
 .text.board_init
                0x0000097c       0x2c ./Sources/board/board.o
                0x0000097c                board_init
 .text.gpio_init
                0x000009a8       0xb0 ./Sources/board/board.o
                0x000009a8                gpio_init
 .text.SysTick_Handler
                0x00000a58       0x10 ./SDK/rtos/osif/osif_baremetal.o
                0x00000a58                SysTick_Handler
 .text.OSIF_SemaWait
                0x00000a68       0x90 ./SDK/rtos/osif/osif_baremetal.o
                0x00000a68                OSIF_SemaWait
 .text.OSIF_SemaPost
                0x00000af8       0x2c ./SDK/rtos/osif/osif_baremetal.o
                0x00000af8                OSIF_SemaPost
 .text.OSIF_SemaCreate
                0x00000b24       0x1a ./SDK/rtos/osif/osif_baremetal.o
                0x00000b24                OSIF_SemaCreate
 *fill*         0x00000b3e        0x2 
 .text.PINS_GetAdcInterleaveVal
                0x00000b40       0x70 ./SDK/platform/drivers/src/pins/pins_port_hw_access.o
 .text.PINS_Init
                0x00000bb0      0x138 ./SDK/platform/drivers/src/pins/pins_port_hw_access.o
                0x00000bb0                PINS_Init
 .text.PINS_SetMuxModeSel
                0x00000ce8       0x58 ./SDK/platform/drivers/src/pins/pins_port_hw_access.o
                0x00000ce8                PINS_SetMuxModeSel
 .text.PINS_DRV_Init
                0x00000d40       0x20 ./SDK/platform/drivers/src/pins/pins_driver.o
                0x00000d40                PINS_DRV_Init
 .text.PINS_DRV_SetMuxModeSel
                0x00000d60        0x8 ./SDK/platform/drivers/src/pins/pins_driver.o
                0x00000d60                PINS_DRV_SetMuxModeSel
 .text.PINS_DRV_SetPinIntSel
                0x00000d68       0x20 ./SDK/platform/drivers/src/pins/pins_driver.o
                0x00000d68                PINS_DRV_SetPinIntSel
 .text.PINS_DRV_ClearPinIntFlagCmd
                0x00000d88       0x16 ./SDK/platform/drivers/src/pins/pins_driver.o
                0x00000d88                PINS_DRV_ClearPinIntFlagCmd
 .text.PINS_DRV_GetPortIntFlag
                0x00000d9e        0x6 ./SDK/platform/drivers/src/pins/pins_driver.o
                0x00000d9e                PINS_DRV_GetPortIntFlag
 .text.PINS_DRV_ClearPortIntFlagCmd
                0x00000da4        0xa ./SDK/platform/drivers/src/pins/pins_driver.o
                0x00000da4                PINS_DRV_ClearPortIntFlagCmd
 .text.PINS_DRV_SetPinDirection
                0x00000dae       0x18 ./SDK/platform/drivers/src/pins/pins_driver.o
                0x00000dae                PINS_DRV_SetPinDirection
 .text.PINS_DRV_WritePin
                0x00000dc6       0x18 ./SDK/platform/drivers/src/pins/pins_driver.o
                0x00000dc6                PINS_DRV_WritePin
 *fill*         0x00000dde        0x2 
 .text.LPSPI_DRV_SlaveInit
                0x00000de0      0x110 ./SDK/platform/drivers/src/lpspi/lpspi_slave_driver.o
                0x00000de0                LPSPI_DRV_SlaveInit
 .text.LPSPI_DRV_SlaveTransfer
                0x00000ef0      0x1f0 ./SDK/platform/drivers/src/lpspi/lpspi_slave_driver.o
                0x00000ef0                LPSPI_DRV_SlaveTransfer
 .text.LPSPI_DRV_SlaveAbortTransfer
                0x000010e0       0x80 ./SDK/platform/drivers/src/lpspi/lpspi_slave_driver.o
                0x000010e0                LPSPI_DRV_SlaveAbortTransfer
 .text.LPSPI_DRV_SlaveTransferBlocking
                0x00001160       0x90 ./SDK/platform/drivers/src/lpspi/lpspi_slave_driver.o
                0x00001160                LPSPI_DRV_SlaveTransferBlocking
 .text.LPSPI_DRV_SlaveCompleteDMATransfer
                0x000011f0       0x40 ./SDK/platform/drivers/src/lpspi/lpspi_slave_driver.o
 .text.LPSPI_DRV_SlaveIRQHandler
                0x00001230       0xd4 ./SDK/platform/drivers/src/lpspi/lpspi_slave_driver.o
                0x00001230                LPSPI_DRV_SlaveIRQHandler
 .text.LPSPI_DRV_IRQHandler
                0x00001304       0x28 ./SDK/platform/drivers/src/lpspi/lpspi_shared_function.o
                0x00001304                LPSPI_DRV_IRQHandler
 .text.LPSPI_DRV_FillupTxBuffer
                0x0000132c       0xb4 ./SDK/platform/drivers/src/lpspi/lpspi_shared_function.o
                0x0000132c                LPSPI_DRV_FillupTxBuffer
 .text.LPSPI_DRV_ReadRXBuffer
                0x000013e0       0x8c ./SDK/platform/drivers/src/lpspi/lpspi_shared_function.o
                0x000013e0                LPSPI_DRV_ReadRXBuffer
 .text.LPSPI_DRV_DisableTEIEInterrupts
                0x0000146c       0x30 ./SDK/platform/drivers/src/lpspi/lpspi_shared_function.o
                0x0000146c                LPSPI_DRV_DisableTEIEInterrupts
 .text.LPSPI_DRV_MasterStartTransfer
                0x0000149c      0x1f4 ./SDK/platform/drivers/src/lpspi/lpspi_master_driver.o
 .text.LPSPI_DRV_MasterCompleteTransfer
                0x00001690       0x78 ./SDK/platform/drivers/src/lpspi/lpspi_master_driver.o
 .text.LPSPI_DRV_MasterSetDelay
                0x00001708       0xe8 ./SDK/platform/drivers/src/lpspi/lpspi_master_driver.o
                0x00001708                LPSPI_DRV_MasterSetDelay
 .text.LPSPI_DRV_MasterConfigureBus
                0x000017f0      0x12c ./SDK/platform/drivers/src/lpspi/lpspi_master_driver.o
                0x000017f0                LPSPI_DRV_MasterConfigureBus
 .text.LPSPI_DRV_MasterInit
                0x0000191c       0x98 ./SDK/platform/drivers/src/lpspi/lpspi_master_driver.o
                0x0000191c                LPSPI_DRV_MasterInit
 .text.LPSPI_DRV_MasterTransferBlocking
                0x000019b4       0xc8 ./SDK/platform/drivers/src/lpspi/lpspi_master_driver.o
                0x000019b4                LPSPI_DRV_MasterTransferBlocking
 .text.LPSPI_DRV_MasterAbortTransfer
                0x00001a7c       0x40 ./SDK/platform/drivers/src/lpspi/lpspi_master_driver.o
                0x00001a7c                LPSPI_DRV_MasterAbortTransfer
 .text.LPSPI_DRV_MasterCompleteDMATransfer
                0x00001abc       0x44 ./SDK/platform/drivers/src/lpspi/lpspi_master_driver.o
 .text.LPSPI_DRV_MasterCompleteRX
                0x00001b00       0x20 ./SDK/platform/drivers/src/lpspi/lpspi_master_driver.o
 .text.LPSPI_DRV_MasterIRQHandler
                0x00001b20       0xb4 ./SDK/platform/drivers/src/lpspi/lpspi_master_driver.o
                0x00001b20                LPSPI_DRV_MasterIRQHandler
 .text.LPSPI0_IRQHandler
                0x00001bd4        0xa ./SDK/platform/drivers/src/lpspi/lpspi_irq.o
                0x00001bd4                LPSPI0_IRQHandler
 .text.LPSPI1_IRQHandler
                0x00001bde        0xa ./SDK/platform/drivers/src/lpspi/lpspi_irq.o
                0x00001bde                LPSPI1_IRQHandler
 .text.LPSPI2_IRQHandler
                0x00001be8        0xa ./SDK/platform/drivers/src/lpspi/lpspi_irq.o
                0x00001be8                LPSPI2_IRQHandler
 .text.LPSPI_Init
                0x00001bf2        0xa ./SDK/platform/drivers/src/lpspi/lpspi_hw_access.o
                0x00001bf2                LPSPI_Init
 .text.LPSPI_Disable
                0x00001bfc       0x18 ./SDK/platform/drivers/src/lpspi/lpspi_hw_access.o
                0x00001bfc                LPSPI_Disable
 .text.LPSPI_SetMasterSlaveMode
                0x00001c14        0xe ./SDK/platform/drivers/src/lpspi/lpspi_hw_access.o
                0x00001c14                LPSPI_SetMasterSlaveMode
 .text.LPSPI_SetFlushFifoCmd
                0x00001c22        0xe ./SDK/platform/drivers/src/lpspi/lpspi_hw_access.o
                0x00001c22                LPSPI_SetFlushFifoCmd
 .text.LPSPI_ClearStatusFlag
                0x00001c30       0x20 ./SDK/platform/drivers/src/lpspi/lpspi_hw_access.o
                0x00001c30                LPSPI_ClearStatusFlag
 .text.LPSPI_SetPcsPolarityMode
                0x00001c50       0x1c ./SDK/platform/drivers/src/lpspi/lpspi_hw_access.o
                0x00001c50                LPSPI_SetPcsPolarityMode
 .text.LPSPI_SetPinConfigMode
                0x00001c6c       0x22 ./SDK/platform/drivers/src/lpspi/lpspi_hw_access.o
                0x00001c6c                LPSPI_SetPinConfigMode
 .text.LPSPI_SetBaudRateDivisor
                0x00001c8e       0x10 ./SDK/platform/drivers/src/lpspi/lpspi_hw_access.o
                0x00001c8e                LPSPI_SetBaudRateDivisor
 *fill*         0x00001c9e        0x2 
 .text.LPSPI_SetBaudRate
                0x00001ca0      0x108 ./SDK/platform/drivers/src/lpspi/lpspi_hw_access.o
                0x00001ca0                LPSPI_SetBaudRate
 .text.LPSPI_SetTxCommandReg
                0x00001da8       0x4a ./SDK/platform/drivers/src/lpspi/lpspi_hw_access.o
                0x00001da8                LPSPI_SetTxCommandReg
 *fill*         0x00001df2        0x2 
 .text.INT_SYS_InstallHandler
                0x00001df4       0x48 ./SDK/platform/drivers/src/interrupt/interrupt_manager.o
                0x00001df4                INT_SYS_InstallHandler
 .text.INT_SYS_EnableIRQ
                0x00001e3c       0x28 ./SDK/platform/drivers/src/interrupt/interrupt_manager.o
                0x00001e3c                INT_SYS_EnableIRQ
 .text.INT_SYS_EnableIRQGlobal
                0x00001e64       0x1c ./SDK/platform/drivers/src/interrupt/interrupt_manager.o
                0x00001e64                INT_SYS_EnableIRQGlobal
 .text.INT_SYS_DisableIRQGlobal
                0x00001e80       0x10 ./SDK/platform/drivers/src/interrupt/interrupt_manager.o
                0x00001e80                INT_SYS_DisableIRQGlobal
 .text.DMA0_IRQHandler
                0x00001e90        0xa ./SDK/platform/drivers/src/edma/edma_irq.o
                0x00001e90                DMA0_IRQHandler
 .text.DMA1_IRQHandler
                0x00001e9a        0xa ./SDK/platform/drivers/src/edma/edma_irq.o
                0x00001e9a                DMA1_IRQHandler
 .text.DMA2_IRQHandler
                0x00001ea4        0xa ./SDK/platform/drivers/src/edma/edma_irq.o
                0x00001ea4                DMA2_IRQHandler
 .text.DMA3_IRQHandler
                0x00001eae        0xa ./SDK/platform/drivers/src/edma/edma_irq.o
                0x00001eae                DMA3_IRQHandler
 .text.DMA4_IRQHandler
                0x00001eb8        0xa ./SDK/platform/drivers/src/edma/edma_irq.o
                0x00001eb8                DMA4_IRQHandler
 .text.DMA5_IRQHandler
                0x00001ec2        0xa ./SDK/platform/drivers/src/edma/edma_irq.o
                0x00001ec2                DMA5_IRQHandler
 .text.DMA6_IRQHandler
                0x00001ecc        0xa ./SDK/platform/drivers/src/edma/edma_irq.o
                0x00001ecc                DMA6_IRQHandler
 .text.DMA7_IRQHandler
                0x00001ed6        0xa ./SDK/platform/drivers/src/edma/edma_irq.o
                0x00001ed6                DMA7_IRQHandler
 .text.DMA8_IRQHandler
                0x00001ee0        0xa ./SDK/platform/drivers/src/edma/edma_irq.o
                0x00001ee0                DMA8_IRQHandler
 .text.DMA9_IRQHandler
                0x00001eea        0xa ./SDK/platform/drivers/src/edma/edma_irq.o
                0x00001eea                DMA9_IRQHandler
 .text.DMA10_IRQHandler
                0x00001ef4        0xa ./SDK/platform/drivers/src/edma/edma_irq.o
                0x00001ef4                DMA10_IRQHandler
 .text.DMA11_IRQHandler
                0x00001efe        0xa ./SDK/platform/drivers/src/edma/edma_irq.o
                0x00001efe                DMA11_IRQHandler
 .text.DMA12_IRQHandler
                0x00001f08        0xa ./SDK/platform/drivers/src/edma/edma_irq.o
                0x00001f08                DMA12_IRQHandler
 .text.DMA13_IRQHandler
                0x00001f12        0xa ./SDK/platform/drivers/src/edma/edma_irq.o
                0x00001f12                DMA13_IRQHandler
 .text.DMA14_IRQHandler
                0x00001f1c        0xa ./SDK/platform/drivers/src/edma/edma_irq.o
                0x00001f1c                DMA14_IRQHandler
 .text.DMA15_IRQHandler
                0x00001f26        0xa ./SDK/platform/drivers/src/edma/edma_irq.o
                0x00001f26                DMA15_IRQHandler
 .text.DMA_Error_IRQHandler
                0x00001f30       0x28 ./SDK/platform/drivers/src/edma/edma_irq.o
                0x00001f30                DMA_Error_IRQHandler
 .text.EDMA_SetErrorIntCmd
                0x00001f58        0xa ./SDK/platform/drivers/src/edma/edma_hw_access.o
                0x00001f58                EDMA_SetErrorIntCmd
 .text.EDMA_SetDmaRequestCmd
                0x00001f62        0xa ./SDK/platform/drivers/src/edma/edma_hw_access.o
                0x00001f62                EDMA_SetDmaRequestCmd
 .text.EDMA_TCDClearReg
                0x00001f6c       0x4a ./SDK/platform/drivers/src/edma/edma_hw_access.o
                0x00001f6c                EDMA_TCDClearReg
 .text.EDMA_Init
                0x00001fb6       0x22 ./SDK/platform/drivers/src/edma/edma_hw_access.o
                0x00001fb6                EDMA_Init
 .text.EDMA_TCDSetAttribute
                0x00001fd8       0x38 ./SDK/platform/drivers/src/edma/edma_hw_access.o
                0x00001fd8                EDMA_TCDSetAttribute
 .text.EDMA_TCDSetNbytes
                0x00002010       0x64 ./SDK/platform/drivers/src/edma/edma_hw_access.o
                0x00002010                EDMA_TCDSetNbytes
 .text.EDMA_TCDSetMajorCount
                0x00002074       0x68 ./SDK/platform/drivers/src/edma/edma_hw_access.o
                0x00002074                EDMA_TCDSetMajorCount
 .text.DMAMUX_Init
                0x000020dc        0xe ./SDK/platform/drivers/src/edma/edma_hw_access.o
                0x000020dc                DMAMUX_Init
 *fill*         0x000020ea        0x2 
 .text.EDMA_DRV_ClearIntStatus
                0x000020ec       0x20 ./SDK/platform/drivers/src/edma/edma_driver.o
 .text.EDMA_DRV_ClearStructure
                0x0000210c       0x10 ./SDK/platform/drivers/src/edma/edma_driver.o
 .text.EDMA_DRV_InstallCallback
                0x0000211c       0x30 ./SDK/platform/drivers/src/edma/edma_driver.o
                0x0000211c                EDMA_DRV_InstallCallback
 .text.EDMA_DRV_IRQHandler
                0x0000214c       0x20 ./SDK/platform/drivers/src/edma/edma_driver.o
                0x0000214c                EDMA_DRV_IRQHandler
 .text.EDMA_DRV_ErrorIRQHandler
                0x0000216c       0x40 ./SDK/platform/drivers/src/edma/edma_driver.o
                0x0000216c                EDMA_DRV_ErrorIRQHandler
 .text.EDMA_DRV_ConfigSingleBlockTransfer
                0x000021ac      0x1d4 ./SDK/platform/drivers/src/edma/edma_driver.o
                0x000021ac                EDMA_DRV_ConfigSingleBlockTransfer
 .text.EDMA_DRV_ConfigMultiBlockTransfer
                0x00002380       0x7c ./SDK/platform/drivers/src/edma/edma_driver.o
                0x00002380                EDMA_DRV_ConfigMultiBlockTransfer
 .text.EDMA_DRV_StartChannel
                0x000023fc       0x38 ./SDK/platform/drivers/src/edma/edma_driver.o
                0x000023fc                EDMA_DRV_StartChannel
 .text.EDMA_DRV_SetChannelRequestAndTrigger
                0x00002434       0x7c ./SDK/platform/drivers/src/edma/edma_driver.o
                0x00002434                EDMA_DRV_SetChannelRequestAndTrigger
 .text.EDMA_DRV_ChannelInit
                0x000024b0       0xc8 ./SDK/platform/drivers/src/edma/edma_driver.o
                0x000024b0                EDMA_DRV_ChannelInit
 .text.EDMA_DRV_Init
                0x00002578      0x100 ./SDK/platform/drivers/src/edma/edma_driver.o
                0x00002578                EDMA_DRV_Init
 .text.EDMA_DRV_GetChannelStatus
                0x00002678       0x28 ./SDK/platform/drivers/src/edma/edma_driver.o
                0x00002678                EDMA_DRV_GetChannelStatus
 .text.EDMA_DRV_GetDmaRegBaseAddr
                0x000026a0       0x10 ./SDK/platform/drivers/src/edma/edma_driver.o
                0x000026a0                EDMA_DRV_GetDmaRegBaseAddr
 .text.CLOCK_SYS_GetCurrentRunMode
                0x000026b0       0x24 ./SDK/platform/drivers/src/clock/S32K1xx/clock_S32K1xx.o
 .text.CLOCK_SYS_GetSysOscFreq
                0x000026d4       0x1c ./SDK/platform/drivers/src/clock/S32K1xx/clock_S32K1xx.o
 .text.CLOCK_SYS_ConfigureSOSC
                0x000026f0      0x12c ./SDK/platform/drivers/src/clock/S32K1xx/clock_S32K1xx.o
 .text.CLOCK_SYS_GetSircFreq
                0x0000281c       0x2c ./SDK/platform/drivers/src/clock/S32K1xx/clock_S32K1xx.o
 .text.CLOCK_SYS_ConfigureSIRC
                0x00002848       0xc4 ./SDK/platform/drivers/src/clock/S32K1xx/clock_S32K1xx.o
 .text.CLOCK_SYS_GetFircFreq
                0x0000290c       0x20 ./SDK/platform/drivers/src/clock/S32K1xx/clock_S32K1xx.o
 .text.CLOCK_SYS_ConfigureFIRC
                0x0000292c       0xb4 ./SDK/platform/drivers/src/clock/S32K1xx/clock_S32K1xx.o
 .text.CLOCK_SYS_GetSysPllFreq
                0x000029e0       0x44 ./SDK/platform/drivers/src/clock/S32K1xx/clock_S32K1xx.o
 .text.CLOCK_SYS_ConfigureSPLL
                0x00002a24      0x12c ./SDK/platform/drivers/src/clock/S32K1xx/clock_S32K1xx.o
 .text.CLOCK_SYS_SetSystemClockConfig
                0x00002b50      0x204 ./SDK/platform/drivers/src/clock/S32K1xx/clock_S32K1xx.o
 .text.CLOCK_SYS_TransitionSystemClock
                0x00002d54       0x54 ./SDK/platform/drivers/src/clock/S32K1xx/clock_S32K1xx.o
 .text.CLOCK_SYS_GetSystemClockFreq
                0x00002da8       0x80 ./SDK/platform/drivers/src/clock/S32K1xx/clock_S32K1xx.o
 .text.CLOCK_SYS_GetScgClkOutFreq
                0x00002e28       0x44 ./SDK/platform/drivers/src/clock/S32K1xx/clock_S32K1xx.o
 .text.CLOCK_SYS_GetSysAsyncFreq
                0x00002e6c       0xc0 ./SDK/platform/drivers/src/clock/S32K1xx/clock_S32K1xx.o
 .text.CLOCK_SYS_GetSimRtcClkFreq
                0x00002f2c       0x50 ./SDK/platform/drivers/src/clock/S32K1xx/clock_S32K1xx.o
 .text.CLOCK_SYS_GetPeripheralClock
                0x00002f7c       0x78 ./SDK/platform/drivers/src/clock/S32K1xx/clock_S32K1xx.o
 .text.CLOCK_SYS_GetLpoFreq
                0x00002ff4       0x4c ./SDK/platform/drivers/src/clock/S32K1xx/clock_S32K1xx.o
 .text.CLOCK_SYS_GetSimClkOutFreq
                0x00003040       0x98 ./SDK/platform/drivers/src/clock/S32K1xx/clock_S32K1xx.o
 .text.CLOCK_DRV_Init
                0x000030d8      0x590 ./SDK/platform/drivers/src/clock/S32K1xx/clock_S32K1xx.o
                0x000030d8                CLOCK_DRV_Init
 .text.CLOCK_DRV_GetFreq
                0x00003668      0x370 ./SDK/platform/drivers/src/clock/S32K1xx/clock_S32K1xx.o
                0x00003668                CLOCK_DRV_GetFreq
 .text.CLOCK_SYS_Init
                0x000039d8       0x28 ./SDK/platform/drivers/src/clock/S32K1xx/clock_S32K1xx.o
                0x000039d8                CLOCK_SYS_Init
 .text.CLOCK_SYS_UpdateConfiguration
                0x00003a00       0xf4 ./SDK/platform/drivers/src/clock/S32K1xx/clock_S32K1xx.o
                0x00003a00                CLOCK_SYS_UpdateConfiguration
 .text.CLOCK_SYS_GetFreq
                0x00003af4        0x8 ./SDK/platform/drivers/src/clock/S32K1xx/clock_S32K1xx.o
                0x00003af4                CLOCK_SYS_GetFreq
 .text.init_data_bss
                0x00003afc       0xd8 ./SDK/platform/devices/startup.o
                0x00003afc                init_data_bss
 .text.SystemInit
                0x00003bd4       0x3c ./SDK/platform/devices/S32K144/startup/system_S32K144.o
                0x00003bd4                SystemInit
 *(.rodata)
 *(.rodata*)
 .rodata.g_spi_inst
                0x00003c10        0x3 ./Sources/spi/spi.o
 *fill*         0x00003c13        0x1 
 .rodata.g_spi_master_cfg
                0x00003c14        0xc ./Sources/spi/spi.o
 .rodata.g_spi_slave_cfg
                0x00003c20        0xc ./Sources/spi/spi.o
 .rodata.g_spi_state
                0x00003c2c        0xc ./Sources/spi/spi.o
 .rodata.s_baudratePrescaler
                0x00003c38       0x20 ./SDK/platform/drivers/src/lpspi/lpspi_master_driver.o
 .rodata.s_baudratePrescaler
                0x00003c58       0x20 ./SDK/platform/drivers/src/lpspi/lpspi_hw_access.o
 .rodata.s_edmaIrqId
                0x00003c78       0x10 ./SDK/platform/drivers/src/edma/edma_driver.o
 .rodata.clockNameMappings
                0x00003c88       0x9e ./SDK/platform/drivers/src/clock/S32K1xx/clock_S32K1xx.o
                0x00003c88                clockNameMappings
 *fill*         0x00003d26        0x2 
 .rodata.maxSysClksInHSRUN.7602
                0x00003d28       0x54 ./SDK/platform/drivers/src/clock/S32K1xx/clock_S32K1xx.o
 .rodata.maxSysClksInRUN.7601
                0x00003d7c       0x54 ./SDK/platform/drivers/src/clock/S32K1xx/clock_S32K1xx.o
 .rodata.maxSysClksInVLPR.7600
                0x00003dd0       0x54 ./SDK/platform/drivers/src/clock/S32K1xx/clock_S32K1xx.o
 .rodata.peripheralFeaturesList
                0x00003e24       0x4f ./SDK/platform/drivers/src/clock/S32K1xx/clock_S32K1xx.o
                0x00003e24                peripheralFeaturesList
 *fill*         0x00003e73        0x1 
 .rodata.spi_0_MasterConfig0
                0x00003e74       0x20 ./Generated_Code/spi_0.o
                0x00003e74                spi_0_MasterConfig0
 .rodata.dmaController1_InitConfig0
                0x00003e94        0x2 ./Generated_Code/dmaController1.o
                0x00003e94                dmaController1_InitConfig0
 *fill*         0x00003e96        0x2 
 .rodata.edmaChnConfigArray
                0x00003e98       0x10 ./Generated_Code/dmaController1.o
                0x00003e98                edmaChnConfigArray
 .rodata.edmaChnStateArray
                0x00003ea8       0x10 ./Generated_Code/dmaController1.o
                0x00003ea8                edmaChnStateArray
 *(.init)
 .init          0x00003eb8        0x4 d:/nxp/s32ds_arm_v2018.r1/cross_tools/gcc-6.3-arm32-eabi/bin/../lib/gcc/arm-none-eabi/6.3.1/thumb/v7e-m/fpv4-sp/hard/crti.o
                0x00003eb8                _init
 *(.fini)
 .fini          0x00003ebc        0x4 d:/nxp/s32ds_arm_v2018.r1/cross_tools/gcc-6.3-arm32-eabi/bin/../lib/gcc/arm-none-eabi/6.3.1/thumb/v7e-m/fpv4-sp/hard/crti.o
                0x00003ebc                _fini
 *(.eh_frame)
                0x00003ec0                . = ALIGN (0x4)

.glue_7         0x00003ec0        0x0
 .glue_7        0x00003ec0        0x0 linker stubs

.glue_7t        0x00003ec0        0x0
 .glue_7t       0x00003ec0        0x0 linker stubs

.vfp11_veneer   0x00003ec0        0x0
 .vfp11_veneer  0x00003ec0        0x0 linker stubs

.v4_bx          0x00003ec0        0x0
 .v4_bx         0x00003ec0        0x0 linker stubs

.iplt           0x00003ec0        0x0
 .iplt          0x00003ec0        0x0 d:/nxp/s32ds_arm_v2018.r1/cross_tools/gcc-6.3-arm32-eabi/bin/../lib/gcc/arm-none-eabi/6.3.1/thumb/v7e-m/fpv4-sp/hard/crtbegin.o

.rel.dyn        0x00003ec0        0x0
 .rel.iplt      0x00003ec0        0x0 d:/nxp/s32ds_arm_v2018.r1/cross_tools/gcc-6.3-arm32-eabi/bin/../lib/gcc/arm-none-eabi/6.3.1/thumb/v7e-m/fpv4-sp/hard/crtbegin.o

.ARM            0x00003ec0        0x0
                0x00003ec0                __exidx_start = .
 *(.ARM.exidx*)
                0x00003ec0                __exidx_end = .
                0x00003ec0                __etext = .
                0x00003ec0                __DATA_ROM = .

.interrupts_ram
                0x1fff8000      0x400
                0x1fff8000                . = ALIGN (0x4)
                0x1fff8000                __VECTOR_RAM__ = .
                0x1fff8000                __RAM_START = .
                0x1fff8000                __interrupts_ram_start__ = .
 *(.m_interrupts_ram)
                0x1fff8400                . = (. + M_VECTOR_RAM_SIZE)
 *fill*         0x1fff8000      0x400 
                0x1fff8400                . = ALIGN (0x4)
                0x1fff8400                __interrupts_ram_end__ = .
                0x1fff8000                __VECTOR_RAM = DEFINED (__flash_vector_table__)?ORIGIN (m_interrupts):__VECTOR_RAM__
                0x00000400                __RAM_VECTOR_TABLE_SIZE = DEFINED (__flash_vector_table__)?0x0:(__interrupts_ram_end__ - __interrupts_ram_start__)

.data           0x1fff8400      0xf14 load address 0x00003ec0
                0x1fff8400                . = ALIGN (0x4)
                0x1fff8400                __DATA_RAM = .
                0x1fff8400                __data_start__ = .
 *(.data)
 *(.data*)
 .data.g_image  0x1fff8400      0xc80 ./Sources/main.o
                0x1fff8400                g_image
 .data.g_lpspiBase
                0x1fff9080        0xc ./SDK/platform/drivers/src/lpspi/lpspi_shared_function.o
                0x1fff9080                g_lpspiBase
 .data.g_lpspiIrqId
                0x1fff908c        0x3 ./SDK/platform/drivers/src/lpspi/lpspi_shared_function.o
                0x1fff908c                g_lpspiIrqId
 *fill*         0x1fff908f        0x1 
 .data.peripheralClockConfig.7364
                0x1fff9090       0xa0 ./SDK/platform/drivers/src/clock/S32K1xx/clock_S32K1xx.o
 .data.g_pin_mux_InitConfigArr
                0x1fff9130       0xd8 ./Generated_Code/pin_mux.o
                0x1fff9130                g_pin_mux_InitConfigArr
 .data.dmaController1Chn0_Config
                0x1fff9208       0x10 ./Generated_Code/dmaController1.o
                0x1fff9208                dmaController1Chn0_Config
 .data.dmaController1Chn1_Config
                0x1fff9218       0x10 ./Generated_Code/dmaController1.o
                0x1fff9218                dmaController1Chn1_Config
 .data.dmaController1Chn2_Config
                0x1fff9228       0x10 ./Generated_Code/dmaController1.o
                0x1fff9228                dmaController1Chn2_Config
 .data.dmaController1Chn3_Config
                0x1fff9238       0x10 ./Generated_Code/dmaController1.o
                0x1fff9238                dmaController1Chn3_Config
 .data.clockMan1_InitConfig0
                0x1fff9248       0x78 ./Generated_Code/clockMan1.o
                0x1fff9248                clockMan1_InitConfig0
 .data.g_clockManConfigsArr
                0x1fff92c0        0x4 ./Generated_Code/clockMan1.o
                0x1fff92c0                g_clockManConfigsArr
 .data.peripheralClockConfig0
                0x1fff92c4       0x50 ./Generated_Code/clockMan1.o
                0x1fff92c4                peripheralClockConfig0
                0x1fff9314                . = ALIGN (0x4)
                0x1fff9314                __data_end__ = .
                0x00004dd4                __DATA_END = (__DATA_ROM + (__data_end__ - __data_start__))
                0x00004dd4                __CODE_ROM = __DATA_END

.igot.plt       0x1fff9314        0x0 load address 0x00004dd4
 .igot.plt      0x1fff9314        0x0 d:/nxp/s32ds_arm_v2018.r1/cross_tools/gcc-6.3-arm32-eabi/bin/../lib/gcc/arm-none-eabi/6.3.1/thumb/v7e-m/fpv4-sp/hard/crtbegin.o

.code           0x1fff9314        0x0 load address 0x00004dd4
                0x1fff9314                . = ALIGN (0x4)
                0x1fff9314                __CODE_RAM = .
                0x1fff9314                __code_start__ = .
                0x1fff9314                __code_ram_start__ = .
 *(.code_ram)
                0x1fff9314                . = ALIGN (0x4)
                0x1fff9314                __code_end__ = .
                0x1fff9314                __code_ram_end__ = .
                0x00004dd4                __CODE_END = (__CODE_ROM + (__code_end__ - __code_start__))
                0x00004dd4                __CUSTOM_ROM = __CODE_END

.customSectionBlock
                0x20000000        0x0 load address 0x00004dd4
                0x20000000                __customSection_start__ = .
 *(.customSection)
                0x20000000                __customSection_end__ = .
                0x00004dd4                __CUSTOM_END = (__CUSTOM_ROM + (__customSection_end__ - __customSection_start__))

.bss            0x20000000       0xf8
                0x20000000                . = ALIGN (0x4)
                0x20000000                __BSS_START = .
                0x20000000                __bss_start__ = .
 *(.bss)
 *(.bss*)
 .bss.g_pin_isr
                0x20000000        0x4 ./Sources/board/board.o
 .bss.s_osif_tick_cnt
                0x20000004        0x4 ./SDK/rtos/osif/osif_baremetal.o
 .bss.g_lpspiStatePtr
                0x20000008        0xc ./SDK/platform/drivers/src/lpspi/lpspi_shared_function.o
                0x20000008                g_lpspiStatePtr
 .bss.g_interruptDisableCount
                0x20000014        0x4 ./SDK/platform/drivers/src/interrupt/interrupt_manager.o
 .bss.s_virtEdmaState
                0x20000018        0x4 ./SDK/platform/drivers/src/edma/edma_driver.o
 .bss.g_clockState
                0x2000001c       0x10 ./SDK/platform/drivers/src/clock/S32K1xx/clock_S32K1xx.o
 .bss.g_clockManCallbacksArr
                0x2000002c        0x4 ./Generated_Code/clockMan1.o
                0x2000002c                g_clockManCallbacksArr
 *(COMMON)
 COMMON         0x20000030       0x14 ./SDK/platform/drivers/src/clock/S32K1xx/clock_S32K1xx.o
                0x20000030                g_xtal0ClkFreq
                0x20000034                g_RtcClkInFreq
                0x20000038                g_TClkFreq
 COMMON         0x20000044       0x34 ./Generated_Code/spi_0.o
                0x20000044                spi_0State
 COMMON         0x20000078       0x80 ./Generated_Code/dmaController1.o
                0x20000078                dmaController1Chn1_State
                0x20000088                dmaController1Chn3_State
                0x20000098                dmaController1Chn2_State
                0x200000a8                dmaController1_State
                0x200000e8                dmaController1Chn0_State
                0x200000f8                . = ALIGN (0x4)
                0x200000f8                __bss_end__ = .
                0x200000f8                __BSS_END = .

.heap           0x200000f8      0x400
                0x200000f8                . = ALIGN (0x8)
                0x200000f8                __end__ = .
                0x200000f8                __heap_start__ = .
                [!provide]                PROVIDE (end, .)
                [!provide]                PROVIDE (_end, .)
                [!provide]                PROVIDE (__end, .)
                0x200000f8                __HeapBase = .
                0x200004f8                . = (. + HEAP_SIZE)
 *fill*         0x200000f8      0x400 
                0x200004f8                __HeapLimit = .
                0x200004f8                __heap_limit = .
                0x200004f8                __heap_end__ = .
                0x20007000                __StackTop = (ORIGIN (m_data_2) + LENGTH (m_data_2))
                0x20006c00                __StackLimit = (__StackTop - STACK_SIZE)
                0x20007000                PROVIDE (__stack, __StackTop)
                0x20007000                __RAM_END = __StackTop

.stack          0x20006c00      0x400
                0x20006c00                . = ALIGN (0x8)
                0x20006c00                __stack_start__ = .
                0x20007000                . = (. + STACK_SIZE)
 *fill*         0x20006c00      0x400 
                0x20007000                __stack_end__ = .

.ARM.attributes
                0x00000000       0x30
 *(.ARM.attributes)
 .ARM.attributes
                0x00000000       0x22 d:/nxp/s32ds_arm_v2018.r1/cross_tools/gcc-6.3-arm32-eabi/bin/../lib/gcc/arm-none-eabi/6.3.1/thumb/v7e-m/fpv4-sp/hard/crti.o
 .ARM.attributes
                0x00000022       0x39 ./Sources/spi/spi.o
 .ARM.attributes
                0x0000005b       0x39 ./Sources/main.o
 .ARM.attributes
                0x00000094       0x39 ./Sources/board/board.o
 .ARM.attributes
                0x000000cd       0x39 ./SDK/rtos/osif/osif_baremetal.o
 .ARM.attributes
                0x00000106       0x39 ./SDK/platform/drivers/src/pins/pins_port_hw_access.o
 .ARM.attributes
                0x0000013f       0x39 ./SDK/platform/drivers/src/pins/pins_driver.o
 .ARM.attributes
                0x00000178       0x39 ./SDK/platform/drivers/src/lpspi/lpspi_slave_driver.o
 .ARM.attributes
                0x000001b1       0x39 ./SDK/platform/drivers/src/lpspi/lpspi_shared_function.o
 .ARM.attributes
                0x000001ea       0x39 ./SDK/platform/drivers/src/lpspi/lpspi_master_driver.o
 .ARM.attributes
                0x00000223       0x39 ./SDK/platform/drivers/src/lpspi/lpspi_irq.o
 .ARM.attributes
                0x0000025c       0x39 ./SDK/platform/drivers/src/lpspi/lpspi_hw_access.o
 .ARM.attributes
                0x00000295       0x39 ./SDK/platform/drivers/src/interrupt/interrupt_manager.o
 .ARM.attributes
                0x000002ce       0x39 ./SDK/platform/drivers/src/edma/edma_irq.o
 .ARM.attributes
                0x00000307       0x39 ./SDK/platform/drivers/src/edma/edma_hw_access.o
 .ARM.attributes
                0x00000340       0x39 ./SDK/platform/drivers/src/edma/edma_driver.o
 .ARM.attributes
                0x00000379       0x39 ./SDK/platform/drivers/src/clock/S32K1xx/clock_S32K1xx.o
 .ARM.attributes
                0x000003b2       0x39 ./SDK/platform/devices/startup.o
 .ARM.attributes
                0x000003eb       0x39 ./SDK/platform/devices/S32K144/startup/system_S32K144.o
 .ARM.attributes
                0x00000424       0x1f ./Project_Settings/Startup_Code/startup_S32K144.o
 .ARM.attributes
                0x00000443       0x39 ./Generated_Code/spi_0.o
 .ARM.attributes
                0x0000047c       0x39 ./Generated_Code/pin_mux.o
 .ARM.attributes
                0x000004b5       0x39 ./Generated_Code/dmaController1.o
 .ARM.attributes
                0x000004ee       0x39 ./Generated_Code/clockMan1.o
                0x00000001                ASSERT ((__StackLimit >= __HeapLimit), region m_data_2 overflowed with stack and heap)
OUTPUT(lcd.elf elf32-littlearm)

.debug_info     0x00000000    0x2597c
 .debug_info    0x00000000     0x245f ./Sources/spi/spi.o
 .debug_info    0x0000245f     0x2ca9 ./Sources/main.o
 .debug_info    0x00005108     0x2f88 ./Sources/board/board.o
 .debug_info    0x00008090      0xba7 ./SDK/rtos/osif/osif_baremetal.o
 .debug_info    0x00008c37      0x9a5 ./SDK/platform/drivers/src/pins/pins_port_hw_access.o
 .debug_info    0x000095dc     0x14ba ./SDK/platform/drivers/src/pins/pins_driver.o
 .debug_info    0x0000aa96     0x248e ./SDK/platform/drivers/src/lpspi/lpspi_slave_driver.o
 .debug_info    0x0000cf24      0xb95 ./SDK/platform/drivers/src/lpspi/lpspi_shared_function.o
 .debug_info    0x0000dab9     0x2fb9 ./SDK/platform/drivers/src/lpspi/lpspi_master_driver.o
 .debug_info    0x00010a72      0x788 ./SDK/platform/drivers/src/lpspi/lpspi_irq.o
 .debug_info    0x000111fa     0x13a6 ./SDK/platform/drivers/src/lpspi/lpspi_hw_access.o
 .debug_info    0x000125a0      0xb9d ./SDK/platform/drivers/src/interrupt/interrupt_manager.o
 .debug_info    0x0001313d      0x6db ./SDK/platform/drivers/src/edma/edma_irq.o
 .debug_info    0x00013818      0xa55 ./SDK/platform/drivers/src/edma/edma_hw_access.o
 .debug_info    0x0001426d     0x479e ./SDK/platform/drivers/src/edma/edma_driver.o
 .debug_info    0x00018a0b     0x606d ./SDK/platform/drivers/src/clock/S32K1xx/clock_S32K1xx.o
 .debug_info    0x0001ea78      0x2ad ./SDK/platform/devices/startup.o
 .debug_info    0x0001ed25      0x521 ./SDK/platform/devices/S32K144/startup/system_S32K144.o
 .debug_info    0x0001f246       0x26 ./Project_Settings/Startup_Code/startup_S32K144.o
 .debug_info    0x0001f26c     0x2074 ./Generated_Code/spi_0.o
 .debug_info    0x000212e0      0x40a ./Generated_Code/pin_mux.o
 .debug_info    0x000216ea     0x20f6 ./Generated_Code/dmaController1.o
 .debug_info    0x000237e0     0x219c ./Generated_Code/clockMan1.o

.debug_abbrev   0x00000000     0x32d0
 .debug_abbrev  0x00000000      0x1e2 ./Sources/spi/spi.o
 .debug_abbrev  0x000001e2      0x275 ./Sources/main.o
 .debug_abbrev  0x00000457      0x2c4 ./Sources/board/board.o
 .debug_abbrev  0x0000071b      0x2df ./SDK/rtos/osif/osif_baremetal.o
 .debug_abbrev  0x000009fa      0x232 ./SDK/platform/drivers/src/pins/pins_port_hw_access.o
 .debug_abbrev  0x00000c2c      0x2f6 ./SDK/platform/drivers/src/pins/pins_driver.o
 .debug_abbrev  0x00000f22      0x3ed ./SDK/platform/drivers/src/lpspi/lpspi_slave_driver.o
 .debug_abbrev  0x0000130f      0x258 ./SDK/platform/drivers/src/lpspi/lpspi_shared_function.o
 .debug_abbrev  0x00001567      0x3fe ./SDK/platform/drivers/src/lpspi/lpspi_master_driver.o
 .debug_abbrev  0x00001965      0x15e ./SDK/platform/drivers/src/lpspi/lpspi_irq.o
 .debug_abbrev  0x00001ac3      0x2a8 ./SDK/platform/drivers/src/lpspi/lpspi_hw_access.o
 .debug_abbrev  0x00001d6b      0x24e ./SDK/platform/drivers/src/interrupt/interrupt_manager.o
 .debug_abbrev  0x00001fb9      0x1b9 ./SDK/platform/drivers/src/edma/edma_irq.o
 .debug_abbrev  0x00002172      0x240 ./SDK/platform/drivers/src/edma/edma_hw_access.o
 .debug_abbrev  0x000023b2      0x412 ./SDK/platform/drivers/src/edma/edma_driver.o
 .debug_abbrev  0x000027c4      0x409 ./SDK/platform/drivers/src/clock/S32K1xx/clock_S32K1xx.o
 .debug_abbrev  0x00002bcd       0xe1 ./SDK/platform/devices/startup.o
 .debug_abbrev  0x00002cae      0x141 ./SDK/platform/devices/S32K144/startup/system_S32K144.o
 .debug_abbrev  0x00002def       0x14 ./Project_Settings/Startup_Code/startup_S32K144.o
 .debug_abbrev  0x00002e03      0x151 ./Generated_Code/spi_0.o
 .debug_abbrev  0x00002f54       0xcd ./Generated_Code/pin_mux.o
 .debug_abbrev  0x00003021      0x151 ./Generated_Code/dmaController1.o
 .debug_abbrev  0x00003172      0x15e ./Generated_Code/clockMan1.o

.debug_loc      0x00000000     0xd5eb
 .debug_loc     0x00000000      0x420 ./Sources/spi/spi.o
 .debug_loc     0x00000420      0x256 ./Sources/main.o
 .debug_loc     0x00000676       0x5f ./Sources/board/board.o
 .debug_loc     0x000006d5      0x353 ./SDK/rtos/osif/osif_baremetal.o
 .debug_loc     0x00000a28      0x639 ./SDK/platform/drivers/src/pins/pins_port_hw_access.o
 .debug_loc     0x00001061      0x7c7 ./SDK/platform/drivers/src/pins/pins_driver.o
 .debug_loc     0x00001828      0xc1b ./SDK/platform/drivers/src/lpspi/lpspi_slave_driver.o
 .debug_loc     0x00002443      0x365 ./SDK/platform/drivers/src/lpspi/lpspi_shared_function.o
 .debug_loc     0x000027a8     0x1580 ./SDK/platform/drivers/src/lpspi/lpspi_master_driver.o
 .debug_loc     0x00003d28      0x821 ./SDK/platform/drivers/src/lpspi/lpspi_hw_access.o
 .debug_loc     0x00004549      0x63c ./SDK/platform/drivers/src/interrupt/interrupt_manager.o
 .debug_loc     0x00004b85       0x50 ./SDK/platform/drivers/src/edma/edma_irq.o
 .debug_loc     0x00004bd5      0x7b9 ./SDK/platform/drivers/src/edma/edma_hw_access.o
 .debug_loc     0x0000538e     0x3263 ./SDK/platform/drivers/src/edma/edma_driver.o
 .debug_loc     0x000085f1     0x4e23 ./SDK/platform/drivers/src/clock/S32K1xx/clock_S32K1xx.o
 .debug_loc     0x0000d414       0xec ./SDK/platform/devices/startup.o
 .debug_loc     0x0000d500       0xeb ./SDK/platform/devices/S32K144/startup/system_S32K144.o

.debug_aranges  0x00000000      0x918
 .debug_aranges
                0x00000000       0x38 ./Sources/spi/spi.o
 .debug_aranges
                0x00000038       0x60 ./Sources/main.o
 .debug_aranges
                0x00000098       0x60 ./Sources/board/board.o
 .debug_aranges
                0x000000f8       0x70 ./SDK/rtos/osif/osif_baremetal.o
 .debug_aranges
                0x00000168       0x40 ./SDK/platform/drivers/src/pins/pins_port_hw_access.o
 .debug_aranges
                0x000001a8       0xe0 ./SDK/platform/drivers/src/pins/pins_driver.o
 .debug_aranges
                0x00000288       0x60 ./SDK/platform/drivers/src/lpspi/lpspi_slave_driver.o
 .debug_aranges
                0x000002e8       0x38 ./SDK/platform/drivers/src/lpspi/lpspi_shared_function.o
 .debug_aranges
                0x00000320       0x90 ./SDK/platform/drivers/src/lpspi/lpspi_master_driver.o
 .debug_aranges
                0x000003b0       0x30 ./SDK/platform/drivers/src/lpspi/lpspi_irq.o
 .debug_aranges
                0x000003e0       0x70 ./SDK/platform/drivers/src/lpspi/lpspi_hw_access.o
 .debug_aranges
                0x00000450       0x70 ./SDK/platform/drivers/src/interrupt/interrupt_manager.o
 .debug_aranges
                0x000004c0       0xa0 ./SDK/platform/drivers/src/edma/edma_irq.o
 .debug_aranges
                0x00000560       0x88 ./SDK/platform/drivers/src/edma/edma_hw_access.o
 .debug_aranges
                0x000005e8      0x140 ./SDK/platform/drivers/src/edma/edma_driver.o
 .debug_aranges
                0x00000728      0x120 ./SDK/platform/drivers/src/clock/S32K1xx/clock_S32K1xx.o
 .debug_aranges
                0x00000848       0x20 ./SDK/platform/devices/startup.o
 .debug_aranges
                0x00000868       0x30 ./SDK/platform/devices/S32K144/startup/system_S32K144.o
 .debug_aranges
                0x00000898       0x20 ./Project_Settings/Startup_Code/startup_S32K144.o
 .debug_aranges
                0x000008b8       0x18 ./Generated_Code/spi_0.o
 .debug_aranges
                0x000008d0       0x18 ./Generated_Code/pin_mux.o
 .debug_aranges
                0x000008e8       0x18 ./Generated_Code/dmaController1.o
 .debug_aranges
                0x00000900       0x18 ./Generated_Code/clockMan1.o

.debug_ranges   0x00000000      0xb38
 .debug_ranges  0x00000000       0x28 ./Sources/spi/spi.o
 .debug_ranges  0x00000028       0x50 ./Sources/main.o
 .debug_ranges  0x00000078       0x50 ./Sources/board/board.o
 .debug_ranges  0x000000c8       0x98 ./SDK/rtos/osif/osif_baremetal.o
 .debug_ranges  0x00000160       0x48 ./SDK/platform/drivers/src/pins/pins_port_hw_access.o
 .debug_ranges  0x000001a8       0xd0 ./SDK/platform/drivers/src/pins/pins_driver.o
 .debug_ranges  0x00000278       0x50 ./SDK/platform/drivers/src/lpspi/lpspi_slave_driver.o
 .debug_ranges  0x000002c8       0x28 ./SDK/platform/drivers/src/lpspi/lpspi_shared_function.o
 .debug_ranges  0x000002f0       0xe0 ./SDK/platform/drivers/src/lpspi/lpspi_master_driver.o
 .debug_ranges  0x000003d0       0x20 ./SDK/platform/drivers/src/lpspi/lpspi_irq.o
 .debug_ranges  0x000003f0       0x78 ./SDK/platform/drivers/src/lpspi/lpspi_hw_access.o
 .debug_ranges  0x00000468       0x98 ./SDK/platform/drivers/src/interrupt/interrupt_manager.o
 .debug_ranges  0x00000500       0x90 ./SDK/platform/drivers/src/edma/edma_irq.o
 .debug_ranges  0x00000590       0x90 ./SDK/platform/drivers/src/edma/edma_hw_access.o
 .debug_ranges  0x00000620      0x190 ./SDK/platform/drivers/src/edma/edma_driver.o
 .debug_ranges  0x000007b0      0x358 ./SDK/platform/drivers/src/clock/S32K1xx/clock_S32K1xx.o
 .debug_ranges  0x00000b08       0x10 ./SDK/platform/devices/startup.o
 .debug_ranges  0x00000b18       0x20 ./SDK/platform/devices/S32K144/startup/system_S32K144.o

.debug_macro    0x00000000    0x21ef1
 .debug_macro   0x00000000      0x1d7 ./Sources/spi/spi.o
 .debug_macro   0x000001d7      0x8d4 ./Sources/spi/spi.o
 .debug_macro   0x00000aab       0x22 ./Sources/spi/spi.o
 .debug_macro   0x00000acd       0x4f ./Sources/spi/spi.o
 .debug_macro   0x00000b1c       0x51 ./Sources/spi/spi.o
 .debug_macro   0x00000b6d       0xef ./Sources/spi/spi.o
 .debug_macro   0x00000c5c       0x6a ./Sources/spi/spi.o
 .debug_macro   0x00000cc6      0x1df ./Sources/spi/spi.o
 .debug_macro   0x00000ea5       0x22 ./Sources/spi/spi.o
 .debug_macro   0x00000ec7       0x10 ./Sources/spi/spi.o
 .debug_macro   0x00000ed7       0x79 ./Sources/spi/spi.o
 .debug_macro   0x00000f50     0xed32 ./Sources/spi/spi.o
 .debug_macro   0x0000fc82      0xb86 ./Sources/spi/spi.o
 .debug_macro   0x00010808       0x10 ./Sources/spi/spi.o
 .debug_macro   0x00010818       0x83 ./Sources/spi/spi.o
 .debug_macro   0x0001089b       0x10 ./Sources/spi/spi.o
 .debug_macro   0x000108ab      0x16d ./Sources/spi/spi.o
 .debug_macro   0x00010a18       0x16 ./Sources/spi/spi.o
 .debug_macro   0x00010a2e       0x28 ./Sources/spi/spi.o
 .debug_macro   0x00010a56       0x16 ./Sources/spi/spi.o
 .debug_macro   0x00010a6c       0x28 ./Sources/spi/spi.o
 .debug_macro   0x00010a94       0x1c ./Sources/spi/spi.o
 .debug_macro   0x00010ab0      0x21c ./Sources/main.o
 .debug_macro   0x00010ccc       0x19 ./Sources/main.o
 .debug_macro   0x00010ce5     0xed1d ./Sources/main.o
 .debug_macro   0x0001fa02       0xaf ./Sources/main.o
 .debug_macro   0x0001fab1       0x16 ./Sources/main.o
 .debug_macro   0x0001fac7      0x2a5 ./Sources/board/board.o
 .debug_macro   0x0001fd6c       0x52 ./Sources/board/board.o
 .debug_macro   0x0001fdbe       0x3c ./Sources/board/board.o
 .debug_macro   0x0001fdfa       0x9c ./Sources/board/board.o
 .debug_macro   0x0001fe96       0x52 ./Sources/board/board.o
 .debug_macro   0x0001fee8       0x1f ./Sources/board/board.o
 .debug_macro   0x0001ff07       0x43 ./Sources/board/board.o
 .debug_macro   0x0001ff4a       0x20 ./Sources/board/board.o
 .debug_macro   0x0001ff6a      0x1a3 ./Sources/board/board.o
 .debug_macro   0x0002010d      0x330 ./Sources/board/board.o
 .debug_macro   0x0002043d       0x10 ./Sources/board/board.o
 .debug_macro   0x0002044d       0x35 ./Sources/board/board.o
 .debug_macro   0x00020482       0x1c ./Sources/board/board.o
 .debug_macro   0x0002049e       0x10 ./Sources/board/board.o
 .debug_macro   0x000204ae       0x10 ./Sources/board/board.o
 .debug_macro   0x000204be       0xb6 ./Sources/board/board.o
 .debug_macro   0x00020574       0x16 ./Sources/board/board.o
 .debug_macro   0x0002058a      0x130 ./Sources/board/board.o
 .debug_macro   0x000206ba       0xfb ./SDK/rtos/osif/osif_baremetal.o
 .debug_macro   0x000207b5       0xde ./SDK/platform/drivers/src/pins/pins_port_hw_access.o
 .debug_macro   0x00020893       0xde ./SDK/platform/drivers/src/pins/pins_driver.o
 .debug_macro   0x00020971      0x1cf ./SDK/platform/drivers/src/lpspi/lpspi_slave_driver.o
 .debug_macro   0x00020b40       0x4c ./SDK/platform/drivers/src/lpspi/lpspi_slave_driver.o
 .debug_macro   0x00020b8c       0x55 ./SDK/platform/drivers/src/lpspi/lpspi_slave_driver.o
 .debug_macro   0x00020be1       0x57 ./SDK/platform/drivers/src/lpspi/lpspi_slave_driver.o
 .debug_macro   0x00020c38      0x13e ./SDK/platform/drivers/src/lpspi/lpspi_shared_function.o
 .debug_macro   0x00020d76       0x16 ./SDK/platform/drivers/src/lpspi/lpspi_shared_function.o
 .debug_macro   0x00020d8c      0x1d5 ./SDK/platform/drivers/src/lpspi/lpspi_master_driver.o
 .debug_macro   0x00020f61      0x136 ./SDK/platform/drivers/src/lpspi/lpspi_irq.o
 .debug_macro   0x00021097      0x10a ./SDK/platform/drivers/src/lpspi/lpspi_hw_access.o
 .debug_macro   0x000211a1       0xb7 ./SDK/platform/drivers/src/interrupt/interrupt_manager.o
 .debug_macro   0x00021258       0xd0 ./SDK/platform/drivers/src/edma/edma_irq.o
 .debug_macro   0x00021328       0xcc ./SDK/platform/drivers/src/edma/edma_hw_access.o
 .debug_macro   0x000213f4       0xf7 ./SDK/platform/drivers/src/edma/edma_driver.o
 .debug_macro   0x000214eb      0x2a3 ./SDK/platform/drivers/src/clock/S32K1xx/clock_S32K1xx.o
 .debug_macro   0x0002178e       0xb6 ./SDK/platform/devices/startup.o
 .debug_macro   0x00021844       0x40 ./SDK/platform/devices/startup.o
 .debug_macro   0x00021884       0xb6 ./SDK/platform/devices/S32K144/startup/system_S32K144.o
 .debug_macro   0x0002193a      0x194 ./Generated_Code/spi_0.o
 .debug_macro   0x00021ace       0x22 ./Generated_Code/spi_0.o
 .debug_macro   0x00021af0       0xdd ./Generated_Code/pin_mux.o
 .debug_macro   0x00021bcd      0x194 ./Generated_Code/dmaController1.o
 .debug_macro   0x00021d61      0x190 ./Generated_Code/clockMan1.o

.debug_line     0x00000000     0xa2d5
 .debug_line    0x00000000      0x703 ./Sources/spi/spi.o
 .debug_line    0x00000703      0x7c7 ./Sources/main.o
 .debug_line    0x00000eca      0x7c5 ./Sources/board/board.o
 .debug_line    0x0000168f      0x634 ./SDK/rtos/osif/osif_baremetal.o
 .debug_line    0x00001cc3      0x598 ./SDK/platform/drivers/src/pins/pins_port_hw_access.o
 .debug_line    0x0000225b      0x6d9 ./SDK/platform/drivers/src/pins/pins_driver.o
 .debug_line    0x00002934      0x8de ./SDK/platform/drivers/src/lpspi/lpspi_slave_driver.o
 .debug_line    0x00003212      0x662 ./SDK/platform/drivers/src/lpspi/lpspi_shared_function.o
 .debug_line    0x00003874      0xa78 ./SDK/platform/drivers/src/lpspi/lpspi_master_driver.o
 .debug_line    0x000042ec      0x584 ./SDK/platform/drivers/src/lpspi/lpspi_irq.o
 .debug_line    0x00004870      0x68e ./SDK/platform/drivers/src/lpspi/lpspi_hw_access.o
 .debug_line    0x00004efe      0x57e ./SDK/platform/drivers/src/interrupt/interrupt_manager.o
 .debug_line    0x0000547c      0x567 ./SDK/platform/drivers/src/edma/edma_irq.o
 .debug_line    0x000059e3      0x600 ./SDK/platform/drivers/src/edma/edma_hw_access.o
 .debug_line    0x00005fe3     0x1073 ./SDK/platform/drivers/src/edma/edma_driver.o
 .debug_line    0x00007056     0x1495 ./SDK/platform/drivers/src/clock/S32K1xx/clock_S32K1xx.o
 .debug_line    0x000084eb      0x399 ./SDK/platform/devices/startup.o
 .debug_line    0x00008884      0x40c ./SDK/platform/devices/S32K144/startup/system_S32K144.o
 .debug_line    0x00008c90       0xcc ./Project_Settings/Startup_Code/startup_S32K144.o
 .debug_line    0x00008d5c      0x5db ./Generated_Code/spi_0.o
 .debug_line    0x00009337      0x3db ./Generated_Code/pin_mux.o
 .debug_line    0x00009712      0x5e4 ./Generated_Code/dmaController1.o
 .debug_line    0x00009cf6      0x5df ./Generated_Code/clockMan1.o

.debug_str      0x00000000    0x74e71
 .debug_str     0x00000000    0x6bd06 ./Sources/spi/spi.o
                              0x6c22f (size before relaxing)
 .debug_str     0x0006bd06      0x3ac ./Sources/main.o
                              0x6c320 (size before relaxing)
 .debug_str     0x0006c0b2     0x3a18 ./Sources/board/board.o
                              0x6fbec (size before relaxing)
 .debug_str     0x0006faca      0x262 ./SDK/rtos/osif/osif_baremetal.o
                              0x6995b (size before relaxing)
 .debug_str     0x0006fd2c      0x388 ./SDK/platform/drivers/src/pins/pins_port_hw_access.o
                              0x68ff1 (size before relaxing)
 .debug_str     0x000700b4      0x46f ./SDK/platform/drivers/src/pins/pins_driver.o
                              0x69b09 (size before relaxing)
 .debug_str     0x00070523      0x6b9 ./SDK/platform/drivers/src/lpspi/lpspi_slave_driver.o
                              0x6d676 (size before relaxing)
 .debug_str     0x00070bdc      0x1b6 ./SDK/platform/drivers/src/lpspi/lpspi_shared_function.o
                              0x69ae8 (size before relaxing)
 .debug_str     0x00070d92      0x3ae ./SDK/platform/drivers/src/lpspi/lpspi_master_driver.o
                              0x6dd37 (size before relaxing)
 .debug_str     0x00071140       0x96 ./SDK/platform/drivers/src/lpspi/lpspi_irq.o
                              0x69891 (size before relaxing)
 .debug_str     0x000711d6      0x18d ./SDK/platform/drivers/src/lpspi/lpspi_hw_access.o
                              0x6a615 (size before relaxing)
 .debug_str     0x00071363      0x18f ./SDK/platform/drivers/src/interrupt/interrupt_manager.o
                              0x68e2c (size before relaxing)
 .debug_str     0x000714f2      0x2b5 ./SDK/platform/drivers/src/edma/edma_irq.o
                              0x68c17 (size before relaxing)
 .debug_str     0x000717a7      0x436 ./SDK/platform/drivers/src/edma/edma_hw_access.o
                              0x68f0c (size before relaxing)
 .debug_str     0x00071bdd      0xb93 ./SDK/platform/drivers/src/edma/edma_driver.o
                              0x6b744 (size before relaxing)
 .debug_str     0x00072770     0x21bd ./SDK/platform/drivers/src/clock/S32K1xx/clock_S32K1xx.o
                              0x6c9d6 (size before relaxing)
 .debug_str     0x0007492d      0x38c ./SDK/platform/devices/startup.o
                              0x689ad (size before relaxing)
 .debug_str     0x00074cb9       0xc5 ./SDK/platform/devices/S32K144/startup/system_S32K144.o
                              0x6883b (size before relaxing)
 .debug_str     0x00074d7e       0x7c ./Project_Settings/Startup_Code/startup_S32K144.o
                                 0xbe (size before relaxing)
 .debug_str     0x00074dfa       0x1a ./Generated_Code/spi_0.o
                              0x6bf47 (size before relaxing)
 .debug_str     0x00074e14       0x1c ./Generated_Code/pin_mux.o
                              0x68cb9 (size before relaxing)
 .debug_str     0x00074e30       0x23 ./Generated_Code/dmaController1.o
                              0x6bf50 (size before relaxing)
 .debug_str     0x00074e53       0x1e ./Generated_Code/clockMan1.o
                              0x6c3e3 (size before relaxing)

.comment        0x00000000       0xa0
 .comment       0x00000000       0xa0 ./Sources/spi/spi.o
                                 0xa1 (size before relaxing)
 .comment       0x000000a0       0xa1 ./Sources/main.o
 .comment       0x000000a0       0xa1 ./Sources/board/board.o
 .comment       0x000000a0       0xa1 ./SDK/rtos/osif/osif_baremetal.o
 .comment       0x000000a0       0xa1 ./SDK/platform/drivers/src/pins/pins_port_hw_access.o
 .comment       0x000000a0       0xa1 ./SDK/platform/drivers/src/pins/pins_driver.o
 .comment       0x000000a0       0xa1 ./SDK/platform/drivers/src/lpspi/lpspi_slave_driver.o
 .comment       0x000000a0       0xa1 ./SDK/platform/drivers/src/lpspi/lpspi_shared_function.o
 .comment       0x000000a0       0xa1 ./SDK/platform/drivers/src/lpspi/lpspi_master_driver.o
 .comment       0x000000a0       0xa1 ./SDK/platform/drivers/src/lpspi/lpspi_irq.o
 .comment       0x000000a0       0xa1 ./SDK/platform/drivers/src/lpspi/lpspi_hw_access.o
 .comment       0x000000a0       0xa1 ./SDK/platform/drivers/src/interrupt/interrupt_manager.o
 .comment       0x000000a0       0xa1 ./SDK/platform/drivers/src/edma/edma_irq.o
 .comment       0x000000a0       0xa1 ./SDK/platform/drivers/src/edma/edma_hw_access.o
 .comment       0x000000a0       0xa1 ./SDK/platform/drivers/src/edma/edma_driver.o
 .comment       0x000000a0       0xa1 ./SDK/platform/drivers/src/clock/S32K1xx/clock_S32K1xx.o
 .comment       0x000000a0       0xa1 ./SDK/platform/devices/startup.o
 .comment       0x000000a0       0xa1 ./SDK/platform/devices/S32K144/startup/system_S32K144.o
 .comment       0x000000a0       0xa1 ./Generated_Code/spi_0.o
 .comment       0x000000a0       0xa1 ./Generated_Code/pin_mux.o
 .comment       0x000000a0       0xa1 ./Generated_Code/dmaController1.o
 .comment       0x000000a0       0xa1 ./Generated_Code/clockMan1.o

.debug_frame    0x00000000     0x1604
 .debug_frame   0x00000000       0x98 ./Sources/spi/spi.o
 .debug_frame   0x00000098      0x118 ./Sources/main.o
 .debug_frame   0x000001b0       0xdc ./Sources/board/board.o
 .debug_frame   0x0000028c       0xf4 ./SDK/rtos/osif/osif_baremetal.o
 .debug_frame   0x00000380       0xa0 ./SDK/platform/drivers/src/pins/pins_port_hw_access.o
 .debug_frame   0x00000420      0x1e4 ./SDK/platform/drivers/src/pins/pins_driver.o
 .debug_frame   0x00000604      0x118 ./SDK/platform/drivers/src/lpspi/lpspi_slave_driver.o
 .debug_frame   0x0000071c       0x90 ./SDK/platform/drivers/src/lpspi/lpspi_shared_function.o
 .debug_frame   0x000007ac      0x1c0 ./SDK/platform/drivers/src/lpspi/lpspi_master_driver.o
 .debug_frame   0x0000096c       0x58 ./SDK/platform/drivers/src/lpspi/lpspi_irq.o
 .debug_frame   0x000009c4       0xf4 ./SDK/platform/drivers/src/lpspi/lpspi_hw_access.o
 .debug_frame   0x00000ab8       0xd8 ./SDK/platform/drivers/src/interrupt/interrupt_manager.o
 .debug_frame   0x00000b90      0x1ac ./SDK/platform/drivers/src/edma/edma_irq.o
 .debug_frame   0x00000d3c      0x140 ./SDK/platform/drivers/src/edma/edma_hw_access.o
 .debug_frame   0x00000e7c      0x398 ./SDK/platform/drivers/src/edma/edma_driver.o
 .debug_frame   0x00001214      0x384 ./SDK/platform/drivers/src/clock/S32K1xx/clock_S32K1xx.o
 .debug_frame   0x00001598       0x2c ./SDK/platform/devices/startup.o
 .debug_frame   0x000015c4       0x40 ./SDK/platform/devices/S32K144/startup/system_S32K144.o
