Archive member included to satisfy reference by file (symbol)

D:/NXP/S32DS_ARM_v2018.R1/Cross_Tools/gcc-6.3-arm32-eabi/arm-none-eabi/newlib/lib/thumb/v7e-m/fpv4-sp/hard\libc_nano.a(lib_a-exit.o)
                              D:/NXP/S32DS_ARM_v2018.R1/Cross_Tools/gcc-6.3-arm32-eabi/arm-none-eabi/newlib/lib/thumb/v7e-m/fpv4-sp/hard/crt0.o (exit)
D:/NXP/S32DS_ARM_v2018.R1/Cross_Tools/gcc-6.3-arm32-eabi/arm-none-eabi/newlib/lib/thumb/v7e-m/fpv4-sp/hard\libc_nano.a(lib_a-impure.o)
                              D:/NXP/S32DS_ARM_v2018.R1/Cross_Tools/gcc-6.3-arm32-eabi/arm-none-eabi/newlib/lib/thumb/v7e-m/fpv4-sp/hard\libc_nano.a(lib_a-exit.o) (_global_impure_ptr)
D:/NXP/S32DS_ARM_v2018.R1/Cross_Tools/gcc-6.3-arm32-eabi/arm-none-eabi/newlib/lib/thumb/v7e-m/fpv4-sp/hard\libc_nano.a(lib_a-init.o)
                              D:/NXP/S32DS_ARM_v2018.R1/Cross_Tools/gcc-6.3-arm32-eabi/arm-none-eabi/newlib/lib/thumb/v7e-m/fpv4-sp/hard/crt0.o (__libc_init_array)
D:/NXP/S32DS_ARM_v2018.R1/Cross_Tools/gcc-6.3-arm32-eabi/arm-none-eabi/newlib/lib/thumb/v7e-m/fpv4-sp/hard\libc_nano.a(lib_a-memcmp.o)
                              ./Sources/main.o (memcmp)
D:/NXP/S32DS_ARM_v2018.R1/Cross_Tools/gcc-6.3-arm32-eabi/arm-none-eabi/newlib/lib/thumb/v7e-m/fpv4-sp/hard\libc_nano.a(lib_a-memset.o)
                              D:/NXP/S32DS_ARM_v2018.R1/Cross_Tools/gcc-6.3-arm32-eabi/arm-none-eabi/newlib/lib/thumb/v7e-m/fpv4-sp/hard/crt0.o (memset)
D:/NXP/S32DS_ARM_v2018.R1/Cross_Tools/gcc-6.3-arm32-eabi/arm-none-eabi/newlib/lib/thumb/v7e-m/fpv4-sp/hard\librdimon_nano.a(rdimon-_exit.o)
                              D:/NXP/S32DS_ARM_v2018.R1/Cross_Tools/gcc-6.3-arm32-eabi/arm-none-eabi/newlib/lib/thumb/v7e-m/fpv4-sp/hard\libc_nano.a(lib_a-exit.o) (_exit)
D:/NXP/S32DS_ARM_v2018.R1/Cross_Tools/gcc-6.3-arm32-eabi/arm-none-eabi/newlib/lib/thumb/v7e-m/fpv4-sp/hard\librdimon_nano.a(rdimon-_kill.o)
                              D:/NXP/S32DS_ARM_v2018.R1/Cross_Tools/gcc-6.3-arm32-eabi/arm-none-eabi/newlib/lib/thumb/v7e-m/fpv4-sp/hard\librdimon_nano.a(rdimon-_exit.o) (_kill)

Allocating common symbols
Common symbol       size              file

dmaController1Chn1_State
                    0x10              ./Generated_Code/dmaController1.o
g_xtal0ClkFreq      0x4               ./SDK/platform/drivers/src/clock/S32K1xx/clock_S32K1xx.o
spi0State           0x34              ./Generated_Code/spi0.o
g_RtcClkInFreq      0x4               ./SDK/platform/drivers/src/clock/S32K1xx/clock_S32K1xx.o
g_TClkFreq          0xc               ./SDK/platform/drivers/src/clock/S32K1xx/clock_S32K1xx.o
dmaController1_State
                    0x40              ./Generated_Code/dmaController1.o
dmaController1Chn0_State
                    0x10              ./Generated_Code/dmaController1.o

Discarded input sections

 .text          0x00000000        0x0 d:/nxp/s32ds_arm_v2018.r1/cross_tools/gcc-6.3-arm32-eabi/bin/../lib/gcc/arm-none-eabi/6.3.1/thumb/v7e-m/fpv4-sp/hard/crti.o
 .data          0x00000000        0x0 d:/nxp/s32ds_arm_v2018.r1/cross_tools/gcc-6.3-arm32-eabi/bin/../lib/gcc/arm-none-eabi/6.3.1/thumb/v7e-m/fpv4-sp/hard/crti.o
 .bss           0x00000000        0x0 d:/nxp/s32ds_arm_v2018.r1/cross_tools/gcc-6.3-arm32-eabi/bin/../lib/gcc/arm-none-eabi/6.3.1/thumb/v7e-m/fpv4-sp/hard/crti.o
 .text          0x00000000       0xa4 d:/nxp/s32ds_arm_v2018.r1/cross_tools/gcc-6.3-arm32-eabi/bin/../lib/gcc/arm-none-eabi/6.3.1/thumb/v7e-m/fpv4-sp/hard/crtbegin.o
 .data          0x00000000        0x4 d:/nxp/s32ds_arm_v2018.r1/cross_tools/gcc-6.3-arm32-eabi/bin/../lib/gcc/arm-none-eabi/6.3.1/thumb/v7e-m/fpv4-sp/hard/crtbegin.o
 .bss           0x00000000       0x1c d:/nxp/s32ds_arm_v2018.r1/cross_tools/gcc-6.3-arm32-eabi/bin/../lib/gcc/arm-none-eabi/6.3.1/thumb/v7e-m/fpv4-sp/hard/crtbegin.o
 .init_array    0x00000000        0x4 d:/nxp/s32ds_arm_v2018.r1/cross_tools/gcc-6.3-arm32-eabi/bin/../lib/gcc/arm-none-eabi/6.3.1/thumb/v7e-m/fpv4-sp/hard/crtbegin.o
 .fini_array    0x00000000        0x4 d:/nxp/s32ds_arm_v2018.r1/cross_tools/gcc-6.3-arm32-eabi/bin/../lib/gcc/arm-none-eabi/6.3.1/thumb/v7e-m/fpv4-sp/hard/crtbegin.o
 .eh_frame      0x00000000        0x0 d:/nxp/s32ds_arm_v2018.r1/cross_tools/gcc-6.3-arm32-eabi/bin/../lib/gcc/arm-none-eabi/6.3.1/thumb/v7e-m/fpv4-sp/hard/crtbegin.o
 .jcr           0x00000000        0x0 d:/nxp/s32ds_arm_v2018.r1/cross_tools/gcc-6.3-arm32-eabi/bin/../lib/gcc/arm-none-eabi/6.3.1/thumb/v7e-m/fpv4-sp/hard/crtbegin.o
 .tm_clone_table
                0x00000000        0x0 d:/nxp/s32ds_arm_v2018.r1/cross_tools/gcc-6.3-arm32-eabi/bin/../lib/gcc/arm-none-eabi/6.3.1/thumb/v7e-m/fpv4-sp/hard/crtbegin.o
 .comment       0x00000000       0xa1 d:/nxp/s32ds_arm_v2018.r1/cross_tools/gcc-6.3-arm32-eabi/bin/../lib/gcc/arm-none-eabi/6.3.1/thumb/v7e-m/fpv4-sp/hard/crtbegin.o
 .ARM.attributes
                0x00000000       0x34 d:/nxp/s32ds_arm_v2018.r1/cross_tools/gcc-6.3-arm32-eabi/bin/../lib/gcc/arm-none-eabi/6.3.1/thumb/v7e-m/fpv4-sp/hard/crtbegin.o
[...]
Memory Configuration

Name             Origin             Length             Attributes
m_interrupts     0x00000000         0x00000400         xr
m_flash_config   0x00000400         0x00000010         xr
m_text           0x00000410         0x0007fbf0         xr
m_data           0x1fff8000         0x00008000         rw
m_data_2         0x20000000         0x00007000         rw
*default*        0x00000000         0xffffffff

Linker script and memory map

LOAD d:/nxp/s32ds_arm_v2018.r1/cross_tools/gcc-6.3-arm32-eabi/bin/../lib/gcc/arm-none-eabi/6.3.1/thumb/v7e-m/fpv4-sp/hard/crti.o
LOAD d:/nxp/s32ds_arm_v2018.r1/cross_tools/gcc-6.3-arm32-eabi/bin/../lib/gcc/arm-none-eabi/6.3.1/thumb/v7e-m/fpv4-sp/hard/crtbegin.o
LOAD D:/NXP/S32DS_ARM_v2018.R1/Cross_Tools/gcc-6.3-arm32-eabi/arm-none-eabi/newlib/lib/thumb/v7e-m/fpv4-sp/hard/crt0.o
LOAD ./Sources/main.o
LOAD ./SDK/rtos/osif/osif_baremetal.o
LOAD ./SDK/platform/drivers/src/pins/pins_port_hw_access.o
LOAD ./SDK/platform/drivers/src/pins/pins_driver.o
LOAD ./SDK/platform/drivers/src/lpspi/lpspi_slave_driver.o
LOAD ./SDK/platform/drivers/src/lpspi/lpspi_shared_function.o
LOAD ./SDK/platform/drivers/src/lpspi/lpspi_master_driver.o
LOAD ./SDK/platform/drivers/src/lpspi/lpspi_irq.o
LOAD ./SDK/platform/drivers/src/lpspi/lpspi_hw_access.o
LOAD ./SDK/platform/drivers/src/interrupt/interrupt_manager.o
LOAD ./SDK/platform/drivers/src/edma/edma_irq.o
LOAD ./SDK/platform/drivers/src/edma/edma_hw_access.o
LOAD ./SDK/platform/drivers/src/edma/edma_driver.o
LOAD ./SDK/platform/drivers/src/clock/S32K1xx/clock_S32K1xx.o
LOAD ./SDK/platform/devices/startup.o
LOAD ./SDK/platform/devices/S32K144/startup/system_S32K144.o
LOAD ./Project_Settings/Startup_Code/startup_S32K144.o
LOAD ./Generated_Code/spi0.o
LOAD ./Generated_Code/pin_mux.o
LOAD ./Generated_Code/dmaController1.o
LOAD ./Generated_Code/clockMan1.o
LOAD ./Generated_Code/Cpu.o
LOAD D:/NXP/S32DS_ARM_v2018.R1/Cross_Tools/gcc-6.3-arm32-eabi/arm-none-eabi/newlib/lib/thumb/v7e-m/fpv4-sp/hard\libc_nano.a
LOAD d:/nxp/s32ds_arm_v2018.r1/cross_tools/gcc-6.3-arm32-eabi/bin/../lib/gcc/arm-none-eabi/6.3.1/thumb/v7e-m/fpv4-sp/hard\libgcc.a
LOAD D:/NXP/S32DS_ARM_v2018.R1/Cross_Tools/gcc-6.3-arm32-eabi/arm-none-eabi/newlib/lib/thumb/v7e-m/fpv4-sp/hard\libm.a
LOAD D:/NXP/S32DS_ARM_v2018.R1/Cross_Tools/gcc-6.3-arm32-eabi/arm-none-eabi/newlib/lib/thumb/v7e-m/fpv4-sp/hard\librdimon_nano.a
START GROUP
LOAD d:/nxp/s32ds_arm_v2018.r1/cross_tools/gcc-6.3-arm32-eabi/bin/../lib/gcc/arm-none-eabi/6.3.1/thumb/v7e-m/fpv4-sp/hard\libgcc.a
LOAD D:/NXP/S32DS_ARM_v2018.R1/Cross_Tools/gcc-6.3-arm32-eabi/arm-none-eabi/newlib/lib/thumb/v7e-m/fpv4-sp/hard\libc_nano.a
END GROUP
START GROUP
LOAD d:/nxp/s32ds_arm_v2018.r1/cross_tools/gcc-6.3-arm32-eabi/bin/../lib/gcc/arm-none-eabi/6.3.1/thumb/v7e-m/fpv4-sp/hard\libgcc.a
LOAD D:/NXP/S32DS_ARM_v2018.R1/Cross_Tools/gcc-6.3-arm32-eabi/arm-none-eabi/newlib/lib/thumb/v7e-m/fpv4-sp/hard\libc_nano.a
LOAD D:/NXP/S32DS_ARM_v2018.R1/Cross_Tools/gcc-6.3-arm32-eabi/arm-none-eabi/newlib/lib/thumb/v7e-m/fpv4-sp/hard\libnosys.a
END GROUP
START GROUP
LOAD d:/nxp/s32ds_arm_v2018.r1/cross_tools/gcc-6.3-arm32-eabi/bin/../lib/gcc/arm-none-eabi/6.3.1/thumb/v7e-m/fpv4-sp/hard\libgcc.a
LOAD D:/NXP/S32DS_ARM_v2018.R1/Cross_Tools/gcc-6.3-arm32-eabi/arm-none-eabi/newlib/lib/thumb/v7e-m/fpv4-sp/hard\libc_nano.a
LOAD D:/NXP/S32DS_ARM_v2018.R1/Cross_Tools/gcc-6.3-arm32-eabi/arm-none-eabi/newlib/lib/thumb/v7e-m/fpv4-sp/hard\libnosys.a
END GROUP
LOAD d:/nxp/s32ds_arm_v2018.r1/cross_tools/gcc-6.3-arm32-eabi/bin/../lib/gcc/arm-none-eabi/6.3.1/thumb/v7e-m/fpv4-sp/hard/crtend.o
LOAD d:/nxp/s32ds_arm_v2018.r1/cross_tools/gcc-6.3-arm32-eabi/bin/../lib/gcc/arm-none-eabi/6.3.1/thumb/v7e-m/fpv4-sp/hard/crtn.o
                0x00000400                HEAP_SIZE = DEFINED (__heap_size__)?__heap_size__:0x400
                0x00000400                STACK_SIZE = DEFINED (__stack_size__)?__stack_size__:0x400
                0x00000400                M_VECTOR_RAM_SIZE = DEFINED (__flash_vector_table__)?0x0:0x400

.interrupts     0x00000000      0x400
                0x00000000                __VECTOR_TABLE = .
                0x00000000                __interrupts_start__ = .
                0x00000000                . = ALIGN (0x4)
 *(.isr_vector)
 .isr_vector    0x00000000      0x400 ./Project_Settings/Startup_Code/startup_S32K144.o
                0x00000000                __isr_vector
                0x00000400                __interrupts_end__ = .
                0x00000400                . = ALIGN (0x4)

.flash_config   0x00000400       0x10
                0x00000400                . = ALIGN (0x4)
 *(.FlashConfig)
 .FlashConfig   0x00000400       0x10 ./Project_Settings/Startup_Code/startup_S32K144.o
                0x00000410                . = ALIGN (0x4)

.text           0x00000410     0x6670
                0x00000410                . = ALIGN (0x4)
 *(.text)
 .text          0x00000410       0x6c ./Project_Settings/Startup_Code/startup_S32K144.o
                0x00000410                Reset_Handler
                0x00000478                DebugMon_Handler
                0x00000478                Reserved88_IRQHandler
                0x00000478                CAN0_ORed_IRQHandler
                0x00000478                HardFault_Handler
                0x00000478                Reserved86_IRQHandler
                0x00000478                Reserved103_IRQHandler
                0x00000478                FTM2_Ovf_Reload_IRQHandler
                0x00000478                Reserved50_IRQHandler
                0x00000478                FTFC_Fault_IRQHandler
                0x00000478                FTM0_Ch6_Ch7_IRQHandler
                0x00000478                Reserved114_IRQHandler
                0x00000478                PendSV_Handler
                0x00000478                NMI_Handler
                0x00000478                Reserved89_IRQHandler
                0x00000478                ERM_double_fault_IRQHandler
                0x00000478                Reserved59_IRQHandler
                0x00000478                LPIT0_Ch0_IRQHandler
                0x00000478                Reserved99_IRQHandler
                0x00000478                FTM3_Ch6_Ch7_IRQHandler
                0x00000478                CAN2_ORed_0_15_MB_IRQHandler
                0x00000478                LPIT0_Ch3_IRQHandler
                0x00000478                Reserved92_IRQHandler
                0x00000478                FTM0_Ch4_Ch5_IRQHandler
                0x00000478                CAN1_Error_IRQHandler
                0x00000478                FTM3_Ch0_Ch1_IRQHandler
                0x00000478                SWI_IRQHandler
                0x00000478                ADC0_IRQHandler
                0x00000478                FTM2_Ch4_Ch5_IRQHandler
                0x00000478                UsageFault_Handler
                0x00000478                FTM0_Ovf_Reload_IRQHandler
                0x00000478                DefaultISR
                0x00000478                Reserved58_IRQHandler
                0x00000478                CAN1_ORed_0_15_MB_IRQHandler
                0x00000478                FTM1_Ch2_Ch3_IRQHandler
                0x00000478                Reserved82_IRQHandler
                0x00000478                CAN0_ORed_16_31_MB_IRQHandler
                0x00000478                LPI2C0_Slave_IRQHandler
                0x00000478                Reserved71_IRQHandler
                0x00000478                PORTD_IRQHandler
                0x00000478                Reserved69_IRQHandler
                0x00000478                PORTB_IRQHandler
                0x00000478                Reserved70_IRQHandler
                0x00000478                ADC1_IRQHandler
                0x00000478                FTM2_Ch2_Ch3_IRQHandler
                0x00000478                Reserved53_IRQHandler
                0x00000478                RTC_IRQHandler
                0x00000478                PDB0_IRQHandler
                0x00000478                Reserved54_IRQHandler
                0x00000478                FTM2_Ch6_Ch7_IRQHandler
                0x00000478                FTM3_Ch2_Ch3_IRQHandler
                0x00000478                FTM2_Ch0_Ch1_IRQHandler
                0x00000478                LPUART1_RxTx_IRQHandler
                0x00000478                RTC_Seconds_IRQHandler
                0x00000478                CAN2_ORed_IRQHandler
                0x00000478                Reserved72_IRQHandler
                0x00000478                Reserved110_IRQHandler
                0x00000478                Reserved107_IRQHandler
                0x00000478                Read_Collision_IRQHandler
                0x00000478                CAN2_Error_IRQHandler
                0x00000478                FTFC_IRQHandler
                0x00000478                FTM1_Ch6_Ch7_IRQHandler
                0x00000478                Reserved105_IRQHandler
                0x00000478                LPIT0_Ch1_IRQHandler
                0x00000478                FTM1_Ch4_Ch5_IRQHandler
                0x00000478                FTM3_Ovf_Reload_IRQHandler
                0x00000478                LPUART2_RxTx_IRQHandler
                0x00000478                WDOG_EWM_IRQHandler
                0x00000478                MemManage_Handler
                0x00000478                Reserved90_IRQHandler
                0x00000478                Reserved83_IRQHandler
                0x00000478                FTM0_Fault_IRQHandler
                0x00000478                Reserved48_IRQHandler
                0x00000478                SVC_Handler
                0x00000478                ERM_single_fault_IRQHandler
                0x00000478                FTM2_Fault_IRQHandler
                0x00000478                FTM0_Ch2_Ch3_IRQHandler
                0x00000478                FTM0_Ch0_Ch1_IRQHandler
                0x00000478                FTM3_Fault_IRQHandler
                0x00000478                RCM_IRQHandler
                0x00000478                Reserved100_IRQHandler
                0x00000478                Reserved91_IRQHandler
                0x00000478                CAN1_ORed_IRQHandler
                0x00000478                SCG_IRQHandler
                0x00000478                PDB1_IRQHandler
                0x00000478                Reserved81_IRQHandler
                0x00000478                Reserved46_IRQHandler
                0x00000478                Reserved45_IRQHandler
                0x00000478                CAN0_Error_IRQHandler
                0x00000478                Reserved112_IRQHandler
                0x00000478                LPI2C0_Master_IRQHandler
                0x00000478                FTM1_Fault_IRQHandler
                0x00000478                Reserved106_IRQHandler
                0x00000478                LVD_LVW_IRQHandler
                0x00000478                LPIT0_Ch2_IRQHandler
                0x00000478                PORTA_IRQHandler
                0x00000478                MCM_IRQHandler
                0x00000478                FTM3_Ch4_Ch5_IRQHandler
                0x00000478                CAN0_ORed_0_15_MB_IRQHandler
                0x00000478                PORTE_IRQHandler
                0x00000478                LPUART0_RxTx_IRQHandler
                0x00000478                LPTMR0_IRQHandler
                0x00000478                BusFault_Handler
                0x00000478                Reserved87_IRQHandler
                0x00000478                FTM1_Ovf_Reload_IRQHandler
                0x00000478                Reserved93_IRQHandler
                0x00000478                CAN0_Wake_Up_IRQHandler
                0x00000478                CMP0_IRQHandler
                0x00000478                Reserved52_IRQHandler
                0x00000478                PORTC_IRQHandler
                0x00000478                FTM1_Ch0_Ch1_IRQHandler
                0x00000478                FLEXIO_IRQHandler
                0x00000478                Reserved113_IRQHandler
 *(.text*)
 .text.InitSPIBuffer
                0x0000047c       0x4e ./Sources/main.o
                0x0000047c                InitSPIBuffer
 *fill*         0x000004ca        0x2 
 .text.main     0x000004cc      0x14c ./Sources/main.o
                0x000004cc                main
 .text.DevAssert
                0x00000618       0x22 ./SDK/rtos/osif/osif_baremetal.o
 *fill*         0x0000063a        0x2 
 .text.osif_Tick
                0x0000063c       0x1c ./SDK/rtos/osif/osif_baremetal.o
 .text.osif_GetCurrentTickCount
                0x00000658       0x18 ./SDK/rtos/osif/osif_baremetal.o
 .text.SysTick_Handler
                0x00000670        0xc ./SDK/rtos/osif/osif_baremetal.o
                0x00000670                SysTick_Handler
 .text.osif_UpdateTickConfig
                0x0000067c       0x78 ./SDK/rtos/osif/osif_baremetal.o
 .text.osif_DisableIrqGlobal
                0x000006f4        0xc ./SDK/rtos/osif/osif_baremetal.o
 .text.osif_EnableIrqGlobal
                0x00000700        0xc ./SDK/rtos/osif/osif_baremetal.o
 .text.OSIF_SemaWait
                0x0000070c       0xba ./SDK/rtos/osif/osif_baremetal.o
                0x0000070c                OSIF_SemaWait
 .text.OSIF_SemaPost
                0x000007c6       0x4e ./SDK/rtos/osif/osif_baremetal.o
                0x000007c6                OSIF_SemaPost
 .text.OSIF_SemaCreate
                0x00000814       0x36 ./SDK/rtos/osif/osif_baremetal.o
                0x00000814                OSIF_SemaCreate
 .text.DevAssert
                0x0000084a       0x22 ./SDK/platform/drivers/src/pins/pins_port_hw_access.o
 .text.PINS_GPIO_WritePin
                0x0000086c       0x44 ./SDK/platform/drivers/src/pins/pins_port_hw_access.o
 .text.PINS_GetAdcInterleaveVal
                0x000008b0       0xe4 ./SDK/platform/drivers/src/pins/pins_port_hw_access.o
 .text.PINS_Init
                0x00000994      0x244 ./SDK/platform/drivers/src/pins/pins_port_hw_access.o
                0x00000994                PINS_Init
 .text.PINS_GPIO_WritePin
                0x00000bd8       0x44 ./SDK/platform/drivers/src/pins/pins_driver.o
 .text.PINS_DRV_Init
                0x00000c1c       0x3e ./SDK/platform/drivers/src/pins/pins_driver.o
                0x00000c1c                PINS_DRV_Init
 .text.PINS_DRV_WritePin
                0x00000c5a       0x22 ./SDK/platform/drivers/src/pins/pins_driver.o
                0x00000c5a                PINS_DRV_WritePin
 .text.DevAssert
                0x00000c7c       0x22 ./SDK/platform/drivers/src/lpspi/lpspi_slave_driver.o
 .text.LPSPI_GetStatusFlag
                0x00000c9e       0x30 ./SDK/platform/drivers/src/lpspi/lpspi_slave_driver.o
 .text.LPSPI_SetIntMode
                0x00000cce       0x4e ./SDK/platform/drivers/src/lpspi/lpspi_slave_driver.o
 .text.LPSPI_SetTxDmaCmd
                0x00000d1c       0x28 ./SDK/platform/drivers/src/lpspi/lpspi_slave_driver.o
 .text.LPSPI_SetRxDmaCmd
                0x00000d44       0x2a ./SDK/platform/drivers/src/lpspi/lpspi_slave_driver.o
 *fill*         0x00000d6e        0x2 
 .text.LPSPI_DRV_SlaveIRQHandler
                0x00000d70      0x138 ./SDK/platform/drivers/src/lpspi/lpspi_slave_driver.o
                0x00000d70                LPSPI_DRV_SlaveIRQHandler
 .text.LPSPI_DRV_SlaveAbortTransfer
                0x00000ea8       0xc0 ./SDK/platform/drivers/src/lpspi/lpspi_slave_driver.o
                0x00000ea8                LPSPI_DRV_SlaveAbortTransfer
 .text.LPSPI_IsMaster
                0x00000f68       0x26 ./SDK/platform/drivers/src/lpspi/lpspi_shared_function.o
 .text.LPSPI_SetIntMode
                0x00000f8e       0x4e ./SDK/platform/drivers/src/lpspi/lpspi_shared_function.o
 .text.LPSPI_WriteData
                0x00000fdc       0x1c ./SDK/platform/drivers/src/lpspi/lpspi_shared_function.o
 .text.LPSPI_ReadData
                0x00000ff8       0x18 ./SDK/platform/drivers/src/lpspi/lpspi_shared_function.o
 .text.LPSPI_ReadTxCount
                0x00001010       0x1c ./SDK/platform/drivers/src/lpspi/lpspi_shared_function.o
 .text.LPSPI_ReadRxCount
                0x0000102c       0x1e ./SDK/platform/drivers/src/lpspi/lpspi_shared_function.o
 .text.LPSPI_ClearContCBit
                0x0000104a       0x20 ./SDK/platform/drivers/src/lpspi/lpspi_shared_function.o
 *fill*         0x0000106a        0x2 
 .text.LPSPI_DRV_IRQHandler
                0x0000106c       0x40 ./SDK/platform/drivers/src/lpspi/lpspi_shared_function.o
                0x0000106c                LPSPI_DRV_IRQHandler
 .text.LPSPI_DRV_FillupTxBuffer
                0x000010ac      0x134 ./SDK/platform/drivers/src/lpspi/lpspi_shared_function.o
                0x000010ac                LPSPI_DRV_FillupTxBuffer
 .text.LPSPI_DRV_ReadRXBuffer
                0x000011e0       0xe0 ./SDK/platform/drivers/src/lpspi/lpspi_shared_function.o
                0x000011e0                LPSPI_DRV_ReadRXBuffer
 .text.LPSPI_DRV_DisableTEIEInterrupts
                0x000012c0       0x44 ./SDK/platform/drivers/src/lpspi/lpspi_shared_function.o
                0x000012c0                LPSPI_DRV_DisableTEIEInterrupts
 .text.DevAssert
                0x00001304       0x22 ./SDK/platform/drivers/src/lpspi/lpspi_master_driver.o
 .text.LPSPI_Enable
                0x00001326       0x20 ./SDK/platform/drivers/src/lpspi/lpspi_master_driver.o
 .text.LPSPI_GetFifoSizes
                0x00001346       0x2e ./SDK/platform/drivers/src/lpspi/lpspi_master_driver.o
 .text.LPSPI_SetRxWatermarks
                0x00001374       0x34 ./SDK/platform/drivers/src/lpspi/lpspi_master_driver.o
 .text.LPSPI_SetTxWatermarks
                0x000013a8       0x32 ./SDK/platform/drivers/src/lpspi/lpspi_master_driver.o
 .text.LPSPI_GetStatusFlag
                0x000013da       0x30 ./SDK/platform/drivers/src/lpspi/lpspi_master_driver.o
 .text.LPSPI_SetIntMode
                0x0000140a       0x4e ./SDK/platform/drivers/src/lpspi/lpspi_master_driver.o
 .text.LPSPI_SetTxDmaCmd
                0x00001458       0x28 ./SDK/platform/drivers/src/lpspi/lpspi_master_driver.o
 .text.LPSPI_SetRxDmaCmd
                0x00001480       0x2a ./SDK/platform/drivers/src/lpspi/lpspi_master_driver.o
 .text.LPSPI_SetDelay
                0x000014aa       0x46 ./SDK/platform/drivers/src/lpspi/lpspi_master_driver.o
 .text.LPSPI_ClearRxmaskBit
                0x000014f0       0x20 ./SDK/platform/drivers/src/lpspi/lpspi_master_driver.o
 .text.LPSPI_SetRxmskBit
                0x00001510       0x20 ./SDK/platform/drivers/src/lpspi/lpspi_master_driver.o
 .text.LPSPI_ClearContCBit
                0x00001530       0x20 ./SDK/platform/drivers/src/lpspi/lpspi_master_driver.o
 .text.LPSPI_SetContCBit
                0x00001550       0x20 ./SDK/platform/drivers/src/lpspi/lpspi_master_driver.o
 .text.LPSPI_GetClockPrescaler
                0x00001570       0x20 ./SDK/platform/drivers/src/lpspi/lpspi_master_driver.o
 .text.LPSPI_SetSamplingPoint
                0x00001590       0x36 ./SDK/platform/drivers/src/lpspi/lpspi_master_driver.o
 *fill*         0x000015c6        0x2 
 .text.LPSPI_DRV_MasterInit
                0x000015c8       0xec ./SDK/platform/drivers/src/lpspi/lpspi_master_driver.o
                0x000015c8                LPSPI_DRV_MasterInit
 .text.LPSPI_DRV_MasterSetDelay
                0x000016b4      0x160 ./SDK/platform/drivers/src/lpspi/lpspi_master_driver.o
                0x000016b4                LPSPI_DRV_MasterSetDelay
 .text.LPSPI_DRV_MasterConfigureBus
                0x00001814      0x1c0 ./SDK/platform/drivers/src/lpspi/lpspi_master_driver.o
                0x00001814                LPSPI_DRV_MasterConfigureBus
 .text.LPSPI_DRV_MasterTransferBlocking
                0x000019d4      0x11c ./SDK/platform/drivers/src/lpspi/lpspi_master_driver.o
                0x000019d4                LPSPI_DRV_MasterTransferBlocking
 .text.LPSPI_DRV_MasterAbortTransfer
                0x00001af0       0x68 ./SDK/platform/drivers/src/lpspi/lpspi_master_driver.o
                0x00001af0                LPSPI_DRV_MasterAbortTransfer
 .text.LPSPI_DRV_MasterStartTransfer
                0x00001b58      0x2b4 ./SDK/platform/drivers/src/lpspi/lpspi_master_driver.o
 .text.LPSPI_DRV_MasterCompleteTransfer
                0x00001e0c       0xa8 ./SDK/platform/drivers/src/lpspi/lpspi_master_driver.o
 .text.LPSPI_DRV_MasterCompleteDMATransfer
                0x00001eb4       0x70 ./SDK/platform/drivers/src/lpspi/lpspi_master_driver.o
 .text.LPSPI_DRV_MasterCompleteRX
                0x00001f24       0x3c ./SDK/platform/drivers/src/lpspi/lpspi_master_driver.o
 .text.LPSPI_DRV_MasterIRQHandler
                0x00001f60      0x100 ./SDK/platform/drivers/src/lpspi/lpspi_master_driver.o
                0x00001f60                LPSPI_DRV_MasterIRQHandler
 .text.LPSPI0_IRQHandler
                0x00002060        0xe ./SDK/platform/drivers/src/lpspi/lpspi_irq.o
                0x00002060                LPSPI0_IRQHandler
 .text.LPSPI1_IRQHandler
                0x0000206e        0xe ./SDK/platform/drivers/src/lpspi/lpspi_irq.o
                0x0000206e                LPSPI1_IRQHandler
 .text.LPSPI2_IRQHandler
                0x0000207c        0xe ./SDK/platform/drivers/src/lpspi/lpspi_irq.o
                0x0000207c                LPSPI2_IRQHandler
 .text.LPSPI_SetDelay
                0x0000208a       0x46 ./SDK/platform/drivers/src/lpspi/lpspi_hw_access.o
 .text.LPSPI_Init
                0x000020d0       0x20 ./SDK/platform/drivers/src/lpspi/lpspi_hw_access.o
                0x000020d0                LPSPI_Init
 .text.LPSPI_Disable
                0x000020f0       0x3c ./SDK/platform/drivers/src/lpspi/lpspi_hw_access.o
                0x000020f0                LPSPI_Disable
 .text.LPSPI_SetMasterSlaveMode
                0x0000212c       0x2a ./SDK/platform/drivers/src/lpspi/lpspi_hw_access.o
                0x0000212c                LPSPI_SetMasterSlaveMode
 .text.LPSPI_SetFlushFifoCmd
                0x00002156       0x38 ./SDK/platform/drivers/src/lpspi/lpspi_hw_access.o
                0x00002156                LPSPI_SetFlushFifoCmd
 .text.LPSPI_ClearStatusFlag
                0x0000218e       0x42 ./SDK/platform/drivers/src/lpspi/lpspi_hw_access.o
                0x0000218e                LPSPI_ClearStatusFlag
 .text.LPSPI_SetPcsPolarityMode
                0x000021d0       0x4c ./SDK/platform/drivers/src/lpspi/lpspi_hw_access.o
                0x000021d0                LPSPI_SetPcsPolarityMode
 .text.LPSPI_SetPinConfigMode
                0x0000221c       0x58 ./SDK/platform/drivers/src/lpspi/lpspi_hw_access.o
                0x0000221c                LPSPI_SetPinConfigMode
 .text.abs_dif  0x00002274       0x2c ./SDK/platform/drivers/src/lpspi/lpspi_hw_access.o
 .text.LPSPI_SetBaudRate
                0x000022a0      0x190 ./SDK/platform/drivers/src/lpspi/lpspi_hw_access.o
                0x000022a0                LPSPI_SetBaudRate
 .text.LPSPI_SetBaudRateDivisor
                0x00002430       0x36 ./SDK/platform/drivers/src/lpspi/lpspi_hw_access.o
                0x00002430                LPSPI_SetBaudRateDivisor
 .text.LPSPI_SetTxCommandReg
                0x00002466       0x78 ./SDK/platform/drivers/src/lpspi/lpspi_hw_access.o
                0x00002466                LPSPI_SetTxCommandReg
 .text.DevAssert
                0x000024de       0x22 ./SDK/platform/drivers/src/interrupt/interrupt_manager.o
 .text.INT_SYS_EnableIRQ
                0x00002500       0x58 ./SDK/platform/drivers/src/interrupt/interrupt_manager.o
                0x00002500                INT_SYS_EnableIRQ
 .text.INT_SYS_EnableIRQGlobal
                0x00002558       0x30 ./SDK/platform/drivers/src/interrupt/interrupt_manager.o
                0x00002558                INT_SYS_EnableIRQGlobal
 .text.INT_SYS_DisableIRQGlobal
                0x00002588       0x20 ./SDK/platform/drivers/src/interrupt/interrupt_manager.o
                0x00002588                INT_SYS_DisableIRQGlobal
 .text.EDMA_GetErrorIntStatusFlag
                0x000025a8       0x18 ./SDK/platform/drivers/src/edma/edma_irq.o
 .text.DMA0_IRQHandler
                0x000025c0        0xe ./SDK/platform/drivers/src/edma/edma_irq.o
                0x000025c0                DMA0_IRQHandler
 .text.DMA1_IRQHandler
                0x000025ce        0xe ./SDK/platform/drivers/src/edma/edma_irq.o
                0x000025ce                DMA1_IRQHandler
 .text.DMA2_IRQHandler
                0x000025dc        0xe ./SDK/platform/drivers/src/edma/edma_irq.o
                0x000025dc                DMA2_IRQHandler
 .text.DMA3_IRQHandler
                0x000025ea        0xe ./SDK/platform/drivers/src/edma/edma_irq.o
                0x000025ea                DMA3_IRQHandler
 .text.DMA4_IRQHandler
                0x000025f8        0xe ./SDK/platform/drivers/src/edma/edma_irq.o
                0x000025f8                DMA4_IRQHandler
 .text.DMA5_IRQHandler
                0x00002606        0xe ./SDK/platform/drivers/src/edma/edma_irq.o
                0x00002606                DMA5_IRQHandler
 .text.DMA6_IRQHandler
                0x00002614        0xe ./SDK/platform/drivers/src/edma/edma_irq.o
                0x00002614                DMA6_IRQHandler
 .text.DMA7_IRQHandler
                0x00002622        0xe ./SDK/platform/drivers/src/edma/edma_irq.o
                0x00002622                DMA7_IRQHandler
 .text.DMA8_IRQHandler
                0x00002630        0xe ./SDK/platform/drivers/src/edma/edma_irq.o
                0x00002630                DMA8_IRQHandler
 .text.DMA9_IRQHandler
                0x0000263e        0xe ./SDK/platform/drivers/src/edma/edma_irq.o
                0x0000263e                DMA9_IRQHandler
 .text.DMA10_IRQHandler
                0x0000264c        0xe ./SDK/platform/drivers/src/edma/edma_irq.o
                0x0000264c                DMA10_IRQHandler
 .text.DMA11_IRQHandler
                0x0000265a        0xe ./SDK/platform/drivers/src/edma/edma_irq.o
                0x0000265a                DMA11_IRQHandler
 .text.DMA12_IRQHandler
                0x00002668        0xe ./SDK/platform/drivers/src/edma/edma_irq.o
                0x00002668                DMA12_IRQHandler
 .text.DMA13_IRQHandler
                0x00002676        0xe ./SDK/platform/drivers/src/edma/edma_irq.o
                0x00002676                DMA13_IRQHandler
 .text.DMA14_IRQHandler
                0x00002684        0xe ./SDK/platform/drivers/src/edma/edma_irq.o
                0x00002684                DMA14_IRQHandler
 .text.DMA15_IRQHandler
                0x00002692        0xe ./SDK/platform/drivers/src/edma/edma_irq.o
                0x00002692                DMA15_IRQHandler
 .text.DMA_Error_IRQHandler
                0x000026a0       0x4c ./SDK/platform/drivers/src/edma/edma_irq.o
                0x000026a0                DMA_Error_IRQHandler
 .text.DevAssert
                0x000026ec       0x22 ./SDK/platform/drivers/src/edma/edma_hw_access.o
 .text.EDMA_Init
                0x0000270e       0x68 ./SDK/platform/drivers/src/edma/edma_hw_access.o
                0x0000270e                EDMA_Init
 .text.EDMA_SetErrorIntCmd
                0x00002776       0x30 ./SDK/platform/drivers/src/edma/edma_hw_access.o
                0x00002776                EDMA_SetErrorIntCmd
 .text.EDMA_SetDmaRequestCmd
                0x000027a6       0x30 ./SDK/platform/drivers/src/edma/edma_hw_access.o
                0x000027a6                EDMA_SetDmaRequestCmd
 .text.EDMA_TCDClearReg
                0x000027d6       0xd6 ./SDK/platform/drivers/src/edma/edma_hw_access.o
                0x000027d6                EDMA_TCDClearReg
 .text.EDMA_TCDSetAttribute
                0x000028ac       0x7e ./SDK/platform/drivers/src/edma/edma_hw_access.o
                0x000028ac                EDMA_TCDSetAttribute
 .text.EDMA_TCDSetNbytes
                0x0000292a       0xda ./SDK/platform/drivers/src/edma/edma_hw_access.o
                0x0000292a                EDMA_TCDSetNbytes
 .text.EDMA_TCDSetMajorCount
                0x00002a04      0x15a ./SDK/platform/drivers/src/edma/edma_hw_access.o
                0x00002a04                EDMA_TCDSetMajorCount
 .text.DMAMUX_Init
                0x00002b5e       0x2e ./SDK/platform/drivers/src/edma/edma_hw_access.o
                0x00002b5e                DMAMUX_Init
 .text.DevAssert
                0x00002b8c       0x22 ./SDK/platform/drivers/src/edma/edma_driver.o
 .text.EDMA_SetHaltOnErrorCmd
                0x00002bae       0x3e ./SDK/platform/drivers/src/edma/edma_driver.o
 .text.EDMA_SetChannelPriority
                0x00002bec       0x66 ./SDK/platform/drivers/src/edma/edma_driver.o
 .text.EDMA_SetChannelArbitrationMode
                0x00002c52       0x3a ./SDK/platform/drivers/src/edma/edma_driver.o
 .text.EDMA_GetChannelArbitrationMode
                0x00002c8c       0x2e ./SDK/platform/drivers/src/edma/edma_driver.o
 .text.EDMA_SetMinorLoopMappingCmd
                0x00002cba       0x3e ./SDK/platform/drivers/src/edma/edma_driver.o
 .text.EDMA_ClearErrorIntStatusFlag
                0x00002cf8       0x2c ./SDK/platform/drivers/src/edma/edma_driver.o
 .text.EDMA_ClearDoneStatusFlag
                0x00002d24       0x2c ./SDK/platform/drivers/src/edma/edma_driver.o
 .text.EDMA_ClearIntStatusFlag
                0x00002d50       0x2c ./SDK/platform/drivers/src/edma/edma_driver.o
 .text.EDMA_TCDSetSrcAddr
                0x00002d7c       0x36 ./SDK/platform/drivers/src/edma/edma_driver.o
 .text.EDMA_TCDSetSrcOffset
                0x00002db2       0x3c ./SDK/platform/drivers/src/edma/edma_driver.o
 .text.EDMA_TCDSetDestAddr
                0x00002dee       0x3a ./SDK/platform/drivers/src/edma/edma_driver.o
 .text.EDMA_TCDSetDestOffset
                0x00002e28       0x3e ./SDK/platform/drivers/src/edma/edma_driver.o
 .text.EDMA_TCDSetDisableDmaRequestAfterTCDDoneCmd
                0x00002e66       0x6c ./SDK/platform/drivers/src/edma/edma_driver.o
 .text.EDMA_TCDSetMajorCompleteIntCmd
                0x00002ed2       0x6c ./SDK/platform/drivers/src/edma/edma_driver.o
 .text.DMAMUX_SetChannelCmd
                0x00002f3e       0x62 ./SDK/platform/drivers/src/edma/edma_driver.o
 .text.DMAMUX_SetChannelTrigger
                0x00002fa0       0x60 ./SDK/platform/drivers/src/edma/edma_driver.o
 .text.DMAMUX_SetChannelSource
                0x00003000       0x5e ./SDK/platform/drivers/src/edma/edma_driver.o
 *fill*         0x0000305e        0x2 
 .text.EDMA_DRV_Init
                0x00003060      0x1d0 ./SDK/platform/drivers/src/edma/edma_driver.o
                0x00003060                EDMA_DRV_Init
 .text.EDMA_DRV_ChannelInit
                0x00003230      0x138 ./SDK/platform/drivers/src/edma/edma_driver.o
                0x00003230                EDMA_DRV_ChannelInit
 .text.EDMA_DRV_InstallCallback
                0x00003368       0x64 ./SDK/platform/drivers/src/edma/edma_driver.o
                0x00003368                EDMA_DRV_InstallCallback
 .text.EDMA_DRV_ClearIntStatus
                0x000033cc       0x3c ./SDK/platform/drivers/src/edma/edma_driver.o
 .text.EDMA_DRV_IRQHandler
                0x00003408       0x4c ./SDK/platform/drivers/src/edma/edma_driver.o
                0x00003408                EDMA_DRV_IRQHandler
 .text.EDMA_DRV_ErrorIRQHandler
                0x00003454       0x7c ./SDK/platform/drivers/src/edma/edma_driver.o
                0x00003454                EDMA_DRV_ErrorIRQHandler
 .text.EDMA_DRV_ConfigSingleBlockTransfer
                0x000034d0      0x1c4 ./SDK/platform/drivers/src/edma/edma_driver.o
                0x000034d0                EDMA_DRV_ConfigSingleBlockTransfer
 .text.EDMA_DRV_ConfigMultiBlockTransfer
                0x00003694       0x9c ./SDK/platform/drivers/src/edma/edma_driver.o
                0x00003694                EDMA_DRV_ConfigMultiBlockTransfer
 .text.EDMA_DRV_StartChannel
                0x00003730       0x7c ./SDK/platform/drivers/src/edma/edma_driver.o
                0x00003730                EDMA_DRV_StartChannel
 .text.EDMA_DRV_SetChannelRequestAndTrigger
                0x000037ac       0x8c ./SDK/platform/drivers/src/edma/edma_driver.o
                0x000037ac                EDMA_DRV_SetChannelRequestAndTrigger
 .text.EDMA_DRV_ValidTransferSize
                0x00003838       0x4c ./SDK/platform/drivers/src/edma/edma_driver.o
 .text.EDMA_DRV_GetDmaRegBaseAddr
                0x00003884       0x28 ./SDK/platform/drivers/src/edma/edma_driver.o
                0x00003884                EDMA_DRV_GetDmaRegBaseAddr
 .text.EDMA_DRV_ClearStructure
                0x000038ac       0x30 ./SDK/platform/drivers/src/edma/edma_driver.o
 .text.DevAssert
                0x000038dc       0x22 ./SDK/platform/drivers/src/clock/S32K1xx/clock_S32K1xx.o
 .text.SIM_GetRtcClkSrc
                0x000038fe       0x1e ./SDK/platform/drivers/src/clock/S32K1xx/clock_S32K1xx.o
 .text.SIM_SetLpoClocks
                0x0000391c       0x72 ./SDK/platform/drivers/src/clock/S32K1xx/clock_S32K1xx.o
 .text.SIM_SetEimClockGate
                0x0000398e       0x3e ./SDK/platform/drivers/src/clock/S32K1xx/clock_S32K1xx.o
 .text.SIM_GetEimClockGate
                0x000039cc       0x30 ./SDK/platform/drivers/src/clock/S32K1xx/clock_S32K1xx.o
 .text.SIM_SetErmClockGate
                0x000039fc       0x3e ./SDK/platform/drivers/src/clock/S32K1xx/clock_S32K1xx.o
 .text.SIM_GetErmClockGate
                0x00003a3a       0x30 ./SDK/platform/drivers/src/clock/S32K1xx/clock_S32K1xx.o
 .text.SIM_SetDmaClockGate
                0x00003a6a       0x3e ./SDK/platform/drivers/src/clock/S32K1xx/clock_S32K1xx.o
 .text.SIM_GetDmaClockGate
                0x00003aa8       0x30 ./SDK/platform/drivers/src/clock/S32K1xx/clock_S32K1xx.o
 .text.SIM_SetMpuClockGate
                0x00003ad8       0x3e ./SDK/platform/drivers/src/clock/S32K1xx/clock_S32K1xx.o
 .text.SIM_GetMpuClockGate
                0x00003b16       0x30 ./SDK/platform/drivers/src/clock/S32K1xx/clock_S32K1xx.o
 .text.SIM_SetMscmClockGate
                0x00003b46       0x3e ./SDK/platform/drivers/src/clock/S32K1xx/clock_S32K1xx.o
 .text.SIM_GetMscmClockGate
                0x00003b84       0x2e ./SDK/platform/drivers/src/clock/S32K1xx/clock_S32K1xx.o
 .text.SIM_GetFtm0ExternalClkPinMode
                0x00003bb2       0x1e ./SDK/platform/drivers/src/clock/S32K1xx/clock_S32K1xx.o
 .text.SIM_GetFtm1ExternalClkPinMode
                0x00003bd0       0x1e ./SDK/platform/drivers/src/clock/S32K1xx/clock_S32K1xx.o
 .text.SIM_GetFtm2ExternalClkPinMode
                0x00003bee       0x1e ./SDK/platform/drivers/src/clock/S32K1xx/clock_S32K1xx.o
 .text.SIM_GetFtm3ExternalClkPinMode
                0x00003c0c       0x1e ./SDK/platform/drivers/src/clock/S32K1xx/clock_S32K1xx.o
 .text.SIM_GetLpo32KStatus
                0x00003c2a       0x26 ./SDK/platform/drivers/src/clock/S32K1xx/clock_S32K1xx.o
 .text.SIM_GetLpo1KStatus
                0x00003c50       0x26 ./SDK/platform/drivers/src/clock/S32K1xx/clock_S32K1xx.o
 .text.SIM_GetLpoClkSelectorValue
                0x00003c76       0x1e ./SDK/platform/drivers/src/clock/S32K1xx/clock_S32K1xx.o
 .text.SIM_GetClockoutStatus
                0x00003c94       0x26 ./SDK/platform/drivers/src/clock/S32K1xx/clock_S32K1xx.o
 .text.SIM_GetClockoutDividerValue
                0x00003cba       0x1e ./SDK/platform/drivers/src/clock/S32K1xx/clock_S32K1xx.o
 .text.SIM_GetClockoutSelectorValue
                0x00003cd8       0x1e ./SDK/platform/drivers/src/clock/S32K1xx/clock_S32K1xx.o
 .text.SIM_SetClockout
                0x00003cf6       0x5e ./SDK/platform/drivers/src/clock/S32K1xx/clock_S32K1xx.o
 .text.SIM_SetTraceClockSource
                0x00003d54       0x38 ./SDK/platform/drivers/src/clock/S32K1xx/clock_S32K1xx.o
 .text.SIM_ClearTraceClockConfig
                0x00003d8c       0x1e ./SDK/platform/drivers/src/clock/S32K1xx/clock_S32K1xx.o
 .text.SIM_SetTraceClockConfig
                0x00003daa       0x40 ./SDK/platform/drivers/src/clock/S32K1xx/clock_S32K1xx.o
 .text.SCG_GetClockoutSourceSel
                0x00003dea       0x1e ./SDK/platform/drivers/src/clock/S32K1xx/clock_S32K1xx.o
 .text.SCG_GetCurrentSystemClockSource
                0x00003e08       0x1e ./SDK/platform/drivers/src/clock/S32K1xx/clock_S32K1xx.o
 .text.SCG_GetCurrentCoreClockDividerRatio
                0x00003e26       0x1e ./SDK/platform/drivers/src/clock/S32K1xx/clock_S32K1xx.o
 .text.SCG_GetCurrentBusClockDividerRatio
                0x00003e44       0x1e ./SDK/platform/drivers/src/clock/S32K1xx/clock_S32K1xx.o
 .text.SCG_GetCurrentSlowClockDividerRatio
                0x00003e62       0x1c ./SDK/platform/drivers/src/clock/S32K1xx/clock_S32K1xx.o
 .text.SCG_SetRunClockControl
                0x00003e7e       0x44 ./SDK/platform/drivers/src/clock/S32K1xx/clock_S32K1xx.o
 .text.SCG_SetVlprClockControl
                0x00003ec2       0x44 ./SDK/platform/drivers/src/clock/S32K1xx/clock_S32K1xx.o
 .text.SCG_SetHsrunClockControl
                0x00003f06       0x44 ./SDK/platform/drivers/src/clock/S32K1xx/clock_S32K1xx.o
 .text.SCG_GetFircFirstAsyncDivider
                0x00003f4a       0x1e ./SDK/platform/drivers/src/clock/S32K1xx/clock_S32K1xx.o
 .text.SCG_GetFircSecondAsyncDivider
                0x00003f68       0x20 ./SDK/platform/drivers/src/clock/S32K1xx/clock_S32K1xx.o
 .text.SCG_SetFircAsyncConfig
                0x00003f88       0x32 ./SDK/platform/drivers/src/clock/S32K1xx/clock_S32K1xx.o
 .text.SCG_GetSircFirstAsyncDivider
                0x00003fba       0x1e ./SDK/platform/drivers/src/clock/S32K1xx/clock_S32K1xx.o
 .text.SCG_GetSircSecondAsyncDivider
                0x00003fd8       0x20 ./SDK/platform/drivers/src/clock/S32K1xx/clock_S32K1xx.o
 .text.SCG_SetSircAsyncConfig
                0x00003ff8       0x32 ./SDK/platform/drivers/src/clock/S32K1xx/clock_S32K1xx.o
 .text.SCG_GetSoscFirstAsyncDivider
                0x0000402a       0x1e ./SDK/platform/drivers/src/clock/S32K1xx/clock_S32K1xx.o
 .text.SCG_GetSoscSecondAsyncDivider
                0x00004048       0x20 ./SDK/platform/drivers/src/clock/S32K1xx/clock_S32K1xx.o
 .text.SCG_SetSoscAsyncConfig
                0x00004068       0x32 ./SDK/platform/drivers/src/clock/S32K1xx/clock_S32K1xx.o
 .text.SCG_GetSpllFirstAsyncDivider
                0x0000409a       0x1e ./SDK/platform/drivers/src/clock/S32K1xx/clock_S32K1xx.o
 .text.SCG_GetSpllSecondAsyncDivider
                0x000040b8       0x20 ./SDK/platform/drivers/src/clock/S32K1xx/clock_S32K1xx.o
 .text.SCG_SetSpllAsyncConfig
                0x000040d8       0x32 ./SDK/platform/drivers/src/clock/S32K1xx/clock_S32K1xx.o
 .text.SCG_SetClockoutSourceSel
                0x0000410a       0x38 ./SDK/platform/drivers/src/clock/S32K1xx/clock_S32K1xx.o
 .text.SCG_GetSircSystemClockMode
                0x00004142       0x32 ./SDK/platform/drivers/src/clock/S32K1xx/clock_S32K1xx.o
 .text.SCG_GetSircStatus
                0x00004174       0x28 ./SDK/platform/drivers/src/clock/S32K1xx/clock_S32K1xx.o
 .text.SCG_GetSircRange
                0x0000419c       0x1e ./SDK/platform/drivers/src/clock/S32K1xx/clock_S32K1xx.o
 .text.SCG_ClearSircLock
                0x000041ba       0x24 ./SDK/platform/drivers/src/clock/S32K1xx/clock_S32K1xx.o
 .text.SCG_ClearSircControl
                0x000041de       0x1c ./SDK/platform/drivers/src/clock/S32K1xx/clock_S32K1xx.o
 .text.SCG_SetSircConfiguration
                0x000041fa       0x24 ./SDK/platform/drivers/src/clock/S32K1xx/clock_S32K1xx.o
 .text.SCG_SetSircControl
                0x0000421e       0x5a ./SDK/platform/drivers/src/clock/S32K1xx/clock_S32K1xx.o
 .text.SCG_GetFircSystemClockMode
                0x00004278       0x32 ./SDK/platform/drivers/src/clock/S32K1xx/clock_S32K1xx.o
 .text.SCG_GetFircStatus
                0x000042aa       0x28 ./SDK/platform/drivers/src/clock/S32K1xx/clock_S32K1xx.o
 .text.SCG_GetFircRange
                0x000042d2       0x1e ./SDK/platform/drivers/src/clock/S32K1xx/clock_S32K1xx.o
 .text.SCG_ClearFircLock
                0x000042f0       0x24 ./SDK/platform/drivers/src/clock/S32K1xx/clock_S32K1xx.o
 .text.SCG_ClearFircControl
                0x00004314       0x1e ./SDK/platform/drivers/src/clock/S32K1xx/clock_S32K1xx.o
 .text.SCG_SetFircConfiguration
                0x00004332       0x24 ./SDK/platform/drivers/src/clock/S32K1xx/clock_S32K1xx.o
 .text.SCG_SetFircControl
                0x00004356       0x42 ./SDK/platform/drivers/src/clock/S32K1xx/clock_S32K1xx.o
 .text.SCG_GetSoscSystemClockMode
                0x00004398       0x32 ./SDK/platform/drivers/src/clock/S32K1xx/clock_S32K1xx.o
 .text.SCG_GetSoscStatus
                0x000043ca       0x28 ./SDK/platform/drivers/src/clock/S32K1xx/clock_S32K1xx.o
 .text.SCG_ClearSoscLock
                0x000043f2       0x24 ./SDK/platform/drivers/src/clock/S32K1xx/clock_S32K1xx.o
 .text.SCG_ClearSoscControl
                0x00004416       0x1e ./SDK/platform/drivers/src/clock/S32K1xx/clock_S32K1xx.o
 .text.SCG_SetSoscConfiguration
                0x00004434       0x3c ./SDK/platform/drivers/src/clock/S32K1xx/clock_S32K1xx.o
 .text.SCG_SetSoscControl
                0x00004470       0x5e ./SDK/platform/drivers/src/clock/S32K1xx/clock_S32K1xx.o
 .text.SCG_GetSpllSystemClockMode
                0x000044ce       0x32 ./SDK/platform/drivers/src/clock/S32K1xx/clock_S32K1xx.o
 .text.SCG_GetSpllStatus
                0x00004500       0x28 ./SDK/platform/drivers/src/clock/S32K1xx/clock_S32K1xx.o
 .text.SCG_GetSpllPredivider
                0x00004528       0x20 ./SDK/platform/drivers/src/clock/S32K1xx/clock_S32K1xx.o
 .text.SCG_GetSpllMultiplier
                0x00004548       0x20 ./SDK/platform/drivers/src/clock/S32K1xx/clock_S32K1xx.o
 .text.SCG_ClearSpllLock
                0x00004568       0x24 ./SDK/platform/drivers/src/clock/S32K1xx/clock_S32K1xx.o
 .text.SCG_ClearSpllControl
                0x0000458c       0x1e ./SDK/platform/drivers/src/clock/S32K1xx/clock_S32K1xx.o
 .text.SCG_SetSpllConfiguration
                0x000045aa       0x34 ./SDK/platform/drivers/src/clock/S32K1xx/clock_S32K1xx.o
 .text.SCG_SetSpllControl
                0x000045de       0x5e ./SDK/platform/drivers/src/clock/S32K1xx/clock_S32K1xx.o
 .text.PCC_SetPeripheralClockControl
                0x0000463c       0x60 ./SDK/platform/drivers/src/clock/S32K1xx/clock_S32K1xx.o
 .text.PCC_SetClockMode
                0x0000469c       0x70 ./SDK/platform/drivers/src/clock/S32K1xx/clock_S32K1xx.o
 .text.PCC_GetClockMode
                0x0000470c       0x44 ./SDK/platform/drivers/src/clock/S32K1xx/clock_S32K1xx.o
 .text.PCC_GetClockSourceSel
                0x00004750       0x34 ./SDK/platform/drivers/src/clock/S32K1xx/clock_S32K1xx.o
 .text.PCC_GetFracValueSel
                0x00004784       0x34 ./SDK/platform/drivers/src/clock/S32K1xx/clock_S32K1xx.o
 .text.PCC_GetDividerSel
                0x000047b8       0x30 ./SDK/platform/drivers/src/clock/S32K1xx/clock_S32K1xx.o
 .text.PMC_SetLpoMode
                0x000047e8       0x3e ./SDK/platform/drivers/src/clock/S32K1xx/clock_S32K1xx.o
 .text.PMC_GetLpoMode
                0x00004826       0x2c ./SDK/platform/drivers/src/clock/S32K1xx/clock_S32K1xx.o
 .text.PMC_SetLpoTrimValue
                0x00004852       0x6c ./SDK/platform/drivers/src/clock/S32K1xx/clock_S32K1xx.o
 .text.SMC_GetCurrentRunningMode
                0x000048be       0x1a ./SDK/platform/drivers/src/clock/S32K1xx/clock_S32K1xx.o
 .text.CLOCK_DRV_Init
                0x000048d8       0x84 ./SDK/platform/drivers/src/clock/S32K1xx/clock_S32K1xx.o
                0x000048d8                CLOCK_DRV_Init
 .text.CLOCK_SYS_SetScgConfiguration
                0x0000495c       0xc4 ./SDK/platform/drivers/src/clock/S32K1xx/clock_S32K1xx.o
 .text.CLOCK_SYS_SetPccConfiguration
                0x00004a20       0xc8 ./SDK/platform/drivers/src/clock/S32K1xx/clock_S32K1xx.o
 .text.CLOCK_SYS_SetSimConfiguration
                0x00004ae8      0x134 ./SDK/platform/drivers/src/clock/S32K1xx/clock_S32K1xx.o
 .text.CLOCK_SYS_SetPmcConfiguration
                0x00004c1c       0x48 ./SDK/platform/drivers/src/clock/S32K1xx/clock_S32K1xx.o
 .text.CLOCK_SYS_GetDefaultConfiguration
                0x00004c64      0x24c ./SDK/platform/drivers/src/clock/S32K1xx/clock_S32K1xx.o
 .text.CLOCK_SYS_GetScgClockFreq
                0x00004eb0      0x144 ./SDK/platform/drivers/src/clock/S32K1xx/clock_S32K1xx.o
 .text.CLOCK_SYS_GetSimClockFreq
                0x00004ff4      0x22c ./SDK/platform/drivers/src/clock/S32K1xx/clock_S32K1xx.o
 .text.CLOCK_SYS_CheckPCCClock
                0x00005220       0x68 ./SDK/platform/drivers/src/clock/S32K1xx/clock_S32K1xx.o
 .text.CLOCK_SYS_GetPccClockFreq
                0x00005288      0x10c ./SDK/platform/drivers/src/clock/S32K1xx/clock_S32K1xx.o
 .text.CLOCK_DRV_GetFreq
                0x00005394       0x5c ./SDK/platform/drivers/src/clock/S32K1xx/clock_S32K1xx.o
                0x00005394                CLOCK_DRV_GetFreq
 .text.CLOCK_SYS_GetPeripheralClock
                0x000053f0       0xd8 ./SDK/platform/drivers/src/clock/S32K1xx/clock_S32K1xx.o
 .text.CLOCK_SYS_GetCurrentRunMode
                0x000054c8       0x44 ./SDK/platform/drivers/src/clock/S32K1xx/clock_S32K1xx.o
 .text.CLOCK_SYS_TransitionSystemClock
                0x0000550c       0x98 ./SDK/platform/drivers/src/clock/S32K1xx/clock_S32K1xx.o
 .text.CLOCK_SYS_GetSimClkOutFreq
                0x000055a4       0xf0 ./SDK/platform/drivers/src/clock/S32K1xx/clock_S32K1xx.o
 .text.CLOCK_SYS_GetScgClkOutFreq
                0x00005694       0x74 ./SDK/platform/drivers/src/clock/S32K1xx/clock_S32K1xx.o
 .text.CLOCK_SYS_GetSimRtcClkFreq
                0x00005708       0x78 ./SDK/platform/drivers/src/clock/S32K1xx/clock_S32K1xx.o
 .text.CLOCK_SYS_ConfigureSIRC
                0x00005780       0xc8 ./SDK/platform/drivers/src/clock/S32K1xx/clock_S32K1xx.o
 .text.CLOCK_SYS_ConfigureFIRC
                0x00005848       0xc4 ./SDK/platform/drivers/src/clock/S32K1xx/clock_S32K1xx.o
 .text.CLOCK_SYS_ConfigureSOSC
                0x0000590c      0x12c ./SDK/platform/drivers/src/clock/S32K1xx/clock_S32K1xx.o
 .text.CLOCK_SYS_ConfigureSPLL
                0x00005a38      0x158 ./SDK/platform/drivers/src/clock/S32K1xx/clock_S32K1xx.o
 .text.CLOCK_SYS_ConfigureTemporarySystemClock
                0x00005b90       0x68 ./SDK/platform/drivers/src/clock/S32K1xx/clock_S32K1xx.o
 .text.CLOCK_SYS_ConfigureModulesFromScg
                0x00005bf8      0x1cc ./SDK/platform/drivers/src/clock/S32K1xx/clock_S32K1xx.o
 .text.CLOCK_SYS_GetSystemClockFreq
                0x00005dc4       0xd0 ./SDK/platform/drivers/src/clock/S32K1xx/clock_S32K1xx.o
 .text.CLOCK_SYS_GetSrcFreq
                0x00005e94       0x64 ./SDK/platform/drivers/src/clock/S32K1xx/clock_S32K1xx.o
 .text.CLOCK_SYS_SetSystemClockConfig
                0x00005ef8      0x284 ./SDK/platform/drivers/src/clock/S32K1xx/clock_S32K1xx.o
 .text.CLOCK_SYS_GetSysAsyncFreq
                0x0000617c      0x12c ./SDK/platform/drivers/src/clock/S32K1xx/clock_S32K1xx.o
 .text.CLOCK_SYS_GetSysOscFreq
                0x000062a8       0x30 ./SDK/platform/drivers/src/clock/S32K1xx/clock_S32K1xx.o
 .text.CLOCK_SYS_GetSircFreq
                0x000062d8       0x38 ./SDK/platform/drivers/src/clock/S32K1xx/clock_S32K1xx.o
 .text.CLOCK_SYS_GetFircFreq
                0x00006310       0x3c ./SDK/platform/drivers/src/clock/S32K1xx/clock_S32K1xx.o
 .text.CLOCK_SYS_GetSysPllFreq
                0x0000634c       0x64 ./SDK/platform/drivers/src/clock/S32K1xx/clock_S32K1xx.o
 .text.CLOCK_SYS_GetLpoFreq
                0x000063b0       0x80 ./SDK/platform/drivers/src/clock/S32K1xx/clock_S32K1xx.o
 .text.CLOCK_SYS_Init
                0x00006430       0x64 ./SDK/platform/drivers/src/clock/S32K1xx/clock_S32K1xx.o
                0x00006430                CLOCK_SYS_Init
 .text.CLOCK_SYS_UpdateConfiguration
                0x00006494      0x18c ./SDK/platform/drivers/src/clock/S32K1xx/clock_S32K1xx.o
                0x00006494                CLOCK_SYS_UpdateConfiguration
 .text.CLOCK_SYS_GetFreq
                0x00006620       0x20 ./SDK/platform/drivers/src/clock/S32K1xx/clock_S32K1xx.o
                0x00006620                CLOCK_SYS_GetFreq
 .text.CLOCK_SYS_SetConfiguration
                0x00006640       0x18 ./SDK/platform/drivers/src/clock/S32K1xx/clock_S32K1xx.o
                0x00006640                CLOCK_SYS_SetConfiguration
 .text.init_data_bss
                0x00006658      0x12c ./SDK/platform/devices/startup.o
                0x00006658                init_data_bss
 .text.SystemInit
                0x00006784       0x58 ./SDK/platform/devices/S32K144/startup/system_S32K144.o
                0x00006784                SystemInit
 .text.memcmp   0x000067dc       0x1e D:/NXP/S32DS_ARM_v2018.R1/Cross_Tools/gcc-6.3-arm32-eabi/arm-none-eabi/newlib/lib/thumb/v7e-m/fpv4-sp/hard\libc_nano.a(lib_a-memcmp.o)
                0x000067dc                memcmp
 .text.memset   0x000067fa       0x10 D:/NXP/S32DS_ARM_v2018.R1/Cross_Tools/gcc-6.3-arm32-eabi/arm-none-eabi/newlib/lib/thumb/v7e-m/fpv4-sp/hard\libc_nano.a(lib_a-memset.o)
                0x000067fa                memset
 *(.rodata)
 *(.rodata*)
 *fill*         0x0000680a        0x2 
 .rodata.s_baudratePrescaler
                0x0000680c       0x20 ./SDK/platform/drivers/src/lpspi/lpspi_master_driver.o
 .rodata.s_baudratePrescaler
                0x0000682c       0x20 ./SDK/platform/drivers/src/lpspi/lpspi_hw_access.o
 .rodata.s_edmaIrqId
                0x0000684c       0x10 ./SDK/platform/drivers/src/edma/edma_driver.o
 .rodata.clockNameMappings
                0x0000685c       0x9e ./SDK/platform/drivers/src/clock/S32K1xx/clock_S32K1xx.o
                0x0000685c                clockNameMappings
 *fill*         0x000068fa        0x2 
 .rodata.peripheralFeaturesList
                0x000068fc       0x4f ./SDK/platform/drivers/src/clock/S32K1xx/clock_S32K1xx.o
                0x000068fc                peripheralFeaturesList
 *fill*         0x0000694b        0x1 
 .rodata.tmpSysClk.7556
                0x0000694c        0xc ./SDK/platform/drivers/src/clock/S32K1xx/clock_S32K1xx.o
 .rodata.tmpSysClk.7563
                0x00006958        0xc ./SDK/platform/drivers/src/clock/S32K1xx/clock_S32K1xx.o
 .rodata.maxSysClksInRUN.7601
                0x00006964       0x54 ./SDK/platform/drivers/src/clock/S32K1xx/clock_S32K1xx.o
 .rodata.maxSysClksInVLPR.7600
                0x000069b8       0x54 ./SDK/platform/drivers/src/clock/S32K1xx/clock_S32K1xx.o
 .rodata.maxSysClksInHSRUN.7602
                0x00006a0c       0x54 ./SDK/platform/drivers/src/clock/S32K1xx/clock_S32K1xx.o
 .rodata.fircFreq.7645
                0x00006a60        0x4 ./SDK/platform/drivers/src/clock/S32K1xx/clock_S32K1xx.o
 .rodata.edmaChnStateArray
                0x00006a64        0x8 ./Generated_Code/dmaController1.o
                0x00006a64                edmaChnStateArray
 .rodata.edmaChnConfigArray
                0x00006a6c        0x8 ./Generated_Code/dmaController1.o
                0x00006a6c                edmaChnConfigArray
 .rodata.dmaController1_InitConfig0
                0x00006a74        0x2 ./Generated_Code/dmaController1.o
                0x00006a74                dmaController1_InitConfig0
 *(.init)
 *fill*         0x00006a76        0x2 
 .init          0x00006a78        0x4 d:/nxp/s32ds_arm_v2018.r1/cross_tools/gcc-6.3-arm32-eabi/bin/../lib/gcc/arm-none-eabi/6.3.1/thumb/v7e-m/fpv4-sp/hard/crti.o
                0x00006a78                _init
 *(.fini)
 .fini          0x00006a7c        0x4 d:/nxp/s32ds_arm_v2018.r1/cross_tools/gcc-6.3-arm32-eabi/bin/../lib/gcc/arm-none-eabi/6.3.1/thumb/v7e-m/fpv4-sp/hard/crti.o
                0x00006a7c                _fini
 *(.eh_frame)
                0x00006a80                . = ALIGN (0x4)

.glue_7         0x00006a80        0x0
 .glue_7        0x00006a80        0x0 linker stubs

.glue_7t        0x00006a80        0x0
 .glue_7t       0x00006a80        0x0 linker stubs

.vfp11_veneer   0x00006a80        0x0
 .vfp11_veneer  0x00006a80        0x0 linker stubs

.v4_bx          0x00006a80        0x0
 .v4_bx         0x00006a80        0x0 linker stubs

.iplt           0x00006a80        0x0
 .iplt          0x00006a80        0x0 d:/nxp/s32ds_arm_v2018.r1/cross_tools/gcc-6.3-arm32-eabi/bin/../lib/gcc/arm-none-eabi/6.3.1/thumb/v7e-m/fpv4-sp/hard/crtbegin.o

.rel.dyn        0x00006a80        0x0
 .rel.iplt      0x00006a80        0x0 d:/nxp/s32ds_arm_v2018.r1/cross_tools/gcc-6.3-arm32-eabi/bin/../lib/gcc/arm-none-eabi/6.3.1/thumb/v7e-m/fpv4-sp/hard/crtbegin.o

.ARM            0x00006a80        0x0
                0x00006a80                __exidx_start = .
 *(.ARM.exidx*)
                0x00006a80                __exidx_end = .
                0x00006a80                __etext = .
                0x00006a80                __DATA_ROM = .

.interrupts_ram
                0x1fff8000      0x400
                0x1fff8000                . = ALIGN (0x4)
                0x1fff8000                __VECTOR_RAM__ = .
                0x1fff8000                __RAM_START = .
                0x1fff8000                __interrupts_ram_start__ = .
 *(.m_interrupts_ram)
                0x1fff8400                . = (. + M_VECTOR_RAM_SIZE)
 *fill*         0x1fff8000      0x400 
                0x1fff8400                . = ALIGN (0x4)
                0x1fff8400                __interrupts_ram_end__ = .
                0x1fff8000                __VECTOR_RAM = DEFINED (__flash_vector_table__)?ORIGIN (m_interrupts):__VECTOR_RAM__
                0x00000400                __RAM_VECTOR_TABLE_SIZE = DEFINED (__flash_vector_table__)?0x0:(__interrupts_ram_end__ - __interrupts_ram_start__)

.data           0x1fff8400      0x264 load address 0x00006a80
                0x1fff8400                . = ALIGN (0x4)
                0x1fff8400                __DATA_RAM = .
                0x1fff8400                __data_start__ = .
 *(.data)
 *(.data*)
 .data.g_lpspiBase
                0x1fff8400        0xc ./SDK/platform/drivers/src/lpspi/lpspi_shared_function.o
                0x1fff8400                g_lpspiBase
 .data.g_lpspiIrqId
                0x1fff840c        0x3 ./SDK/platform/drivers/src/lpspi/lpspi_shared_function.o
                0x1fff840c                g_lpspiIrqId
 *fill*         0x1fff840f        0x1 
 .data.peripheralClockConfig.7364
                0x1fff8410       0xa0 ./SDK/platform/drivers/src/clock/S32K1xx/clock_S32K1xx.o
 .data.spi0_MasterConfig0
                0x1fff84b0       0x20 ./Generated_Code/spi0.o
                0x1fff84b0                spi0_MasterConfig0
 .data.g_pin_mux_InitConfigArr
                0x1fff84d0       0xa8 ./Generated_Code/pin_mux.o
                0x1fff84d0                g_pin_mux_InitConfigArr
 .data.dmaController1Chn0_Config
                0x1fff8578       0x10 ./Generated_Code/dmaController1.o
                0x1fff8578                dmaController1Chn0_Config
 .data.dmaController1Chn1_Config
                0x1fff8588       0x10 ./Generated_Code/dmaController1.o
                0x1fff8588                dmaController1Chn1_Config
 .data.peripheralClockConfig0
                0x1fff8598       0x50 ./Generated_Code/clockMan1.o
                0x1fff8598                peripheralClockConfig0
 .data.clockMan1_InitConfig0
                0x1fff85e8       0x78 ./Generated_Code/clockMan1.o
                0x1fff85e8                clockMan1_InitConfig0
 .data.g_clockManConfigsArr
                0x1fff8660        0x4 ./Generated_Code/clockMan1.o
                0x1fff8660                g_clockManConfigsArr
                0x1fff8664                . = ALIGN (0x4)
                0x1fff8664                __data_end__ = .
                0x00006ce4                __DATA_END = (__DATA_ROM + (__data_end__ - __data_start__))
                0x00006ce4                __CODE_ROM = __DATA_END

.igot.plt       0x1fff8664        0x0 load address 0x00006ce4
 .igot.plt      0x1fff8664        0x0 d:/nxp/s32ds_arm_v2018.r1/cross_tools/gcc-6.3-arm32-eabi/bin/../lib/gcc/arm-none-eabi/6.3.1/thumb/v7e-m/fpv4-sp/hard/crtbegin.o

.code           0x1fff8664        0x0 load address 0x00006ce4
                0x1fff8664                . = ALIGN (0x4)
                0x1fff8664                __CODE_RAM = .
                0x1fff8664                __code_start__ = .
                0x1fff8664                __code_ram_start__ = .
 *(.code_ram)
                0x1fff8664                . = ALIGN (0x4)
                0x1fff8664                __code_end__ = .
                0x1fff8664                __code_ram_end__ = .
                0x00006ce4                __CODE_END = (__CODE_ROM + (__code_end__ - __code_start__))
                0x00006ce4                __CUSTOM_ROM = __CODE_END

.customSectionBlock
                0x20000000        0x0 load address 0x00006ce4
                0x20000000                __customSection_start__ = .
 *(.customSection)
                0x20000000                __customSection_end__ = .
                0x00006ce4                __CUSTOM_END = (__CUSTOM_ROM + (__customSection_end__ - __customSection_start__))

.bss            0x20000000       0xd8
                0x20000000                . = ALIGN (0x4)
                0x20000000                __BSS_START = .
                0x20000000                __bss_start__ = .
 *(.bss)
 *(.bss*)
 .bss.exit_code
                0x20000000        0x4 ./Sources/main.o
                0x20000000                exit_code
 .bss.s_osif_tick_cnt
                0x20000004        0x4 ./SDK/rtos/osif/osif_baremetal.o
 .bss.g_lpspiStatePtr
                0x20000008        0xc ./SDK/platform/drivers/src/lpspi/lpspi_shared_function.o
                0x20000008                g_lpspiStatePtr
 .bss.g_interruptDisableCount
                0x20000014        0x4 ./SDK/platform/drivers/src/interrupt/interrupt_manager.o
 .bss.s_virtEdmaState
                0x20000018        0x4 ./SDK/platform/drivers/src/edma/edma_driver.o
 .bss.g_clockState
                0x2000001c       0x10 ./SDK/platform/drivers/src/clock/S32K1xx/clock_S32K1xx.o
 .bss.g_clockManCallbacksArr
                0x2000002c        0x4 ./Generated_Code/clockMan1.o
                0x2000002c                g_clockManCallbacksArr
 *(COMMON)
 COMMON         0x20000030       0x14 ./SDK/platform/drivers/src/clock/S32K1xx/clock_S32K1xx.o
                0x20000030                g_xtal0ClkFreq
                0x20000034                g_RtcClkInFreq
                0x20000038                g_TClkFreq
 COMMON         0x20000044       0x34 ./Generated_Code/spi0.o
                0x20000044                spi0State
 COMMON         0x20000078       0x60 ./Generated_Code/dmaController1.o
                0x20000078                dmaController1Chn1_State
                0x20000088                dmaController1_State
                0x200000c8                dmaController1Chn0_State
                0x200000d8                . = ALIGN (0x4)
                0x200000d8                __bss_end__ = .
                0x200000d8                __BSS_END = .

.heap           0x200000d8      0x400
                0x200000d8                . = ALIGN (0x8)
                0x200000d8                __end__ = .
                0x200000d8                __heap_start__ = .
                [!provide]                PROVIDE (end, .)
                [!provide]                PROVIDE (_end, .)
                [!provide]                PROVIDE (__end, .)
                0x200000d8                __HeapBase = .
                0x200004d8                . = (. + HEAP_SIZE)
 *fill*         0x200000d8      0x400 
                0x200004d8                __HeapLimit = .
                0x200004d8                __heap_limit = .
                0x200004d8                __heap_end__ = .
                0x20007000                __StackTop = (ORIGIN (m_data_2) + LENGTH (m_data_2))
                0x20006c00                __StackLimit = (__StackTop - STACK_SIZE)
                0x20007000                PROVIDE (__stack, __StackTop)
                0x20007000                __RAM_END = __StackTop

.stack          0x20006c00      0x400
                0x20006c00                . = ALIGN (0x8)
                0x20006c00                __stack_start__ = .
                0x20007000                . = (. + STACK_SIZE)
 *fill*         0x20006c00      0x400 
                0x20007000                __stack_end__ = .

.ARM.attributes
                0x00000000       0x30
 *(.ARM.attributes)
 .ARM.attributes
                0x00000000       0x22 d:/nxp/s32ds_arm_v2018.r1/cross_tools/gcc-6.3-arm32-eabi/bin/../lib/gcc/arm-none-eabi/6.3.1/thumb/v7e-m/fpv4-sp/hard/crti.o
 .ARM.attributes
                0x00000022       0x39 ./Sources/main.o
 .ARM.attributes
                0x0000005b       0x39 ./SDK/rtos/osif/osif_baremetal.o
 .ARM.attributes
                0x00000094       0x39 ./SDK/platform/drivers/src/pins/pins_port_hw_access.o
 .ARM.attributes
                0x000000cd       0x39 ./SDK/platform/drivers/src/pins/pins_driver.o
 .ARM.attributes
                0x00000106       0x39 ./SDK/platform/drivers/src/lpspi/lpspi_slave_driver.o
 .ARM.attributes
                0x0000013f       0x39 ./SDK/platform/drivers/src/lpspi/lpspi_shared_function.o
 .ARM.attributes
                0x00000178       0x39 ./SDK/platform/drivers/src/lpspi/lpspi_master_driver.o
 .ARM.attributes
                0x000001b1       0x39 ./SDK/platform/drivers/src/lpspi/lpspi_irq.o
 .ARM.attributes
                0x000001ea       0x39 ./SDK/platform/drivers/src/lpspi/lpspi_hw_access.o
 .ARM.attributes
                0x00000223       0x39 ./SDK/platform/drivers/src/interrupt/interrupt_manager.o
 .ARM.attributes
                0x0000025c       0x39 ./SDK/platform/drivers/src/edma/edma_irq.o
 .ARM.attributes
                0x00000295       0x39 ./SDK/platform/drivers/src/edma/edma_hw_access.o
 .ARM.attributes
                0x000002ce       0x39 ./SDK/platform/drivers/src/edma/edma_driver.o
 .ARM.attributes
                0x00000307       0x39 ./SDK/platform/drivers/src/clock/S32K1xx/clock_S32K1xx.o
 .ARM.attributes
                0x00000340       0x39 ./SDK/platform/devices/startup.o
 .ARM.attributes
                0x00000379       0x39 ./SDK/platform/devices/S32K144/startup/system_S32K144.o
 .ARM.attributes
                0x000003b2       0x1f ./Project_Settings/Startup_Code/startup_S32K144.o
 .ARM.attributes
                0x000003d1       0x39 ./Generated_Code/spi0.o
 .ARM.attributes
                0x0000040a       0x39 ./Generated_Code/pin_mux.o
 .ARM.attributes
                0x00000443       0x39 ./Generated_Code/dmaController1.o
 .ARM.attributes
                0x0000047c       0x39 ./Generated_Code/clockMan1.o
 .ARM.attributes
                0x000004b5       0x34 D:/NXP/S32DS_ARM_v2018.R1/Cross_Tools/gcc-6.3-arm32-eabi/arm-none-eabi/newlib/lib/thumb/v7e-m/fpv4-sp/hard\libc_nano.a(lib_a-memcmp.o)
 .ARM.attributes
                0x000004e9       0x34 D:/NXP/S32DS_ARM_v2018.R1/Cross_Tools/gcc-6.3-arm32-eabi/arm-none-eabi/newlib/lib/thumb/v7e-m/fpv4-sp/hard\libc_nano.a(lib_a-memset.o)
                0x00000001                ASSERT ((__StackLimit >= __HeapLimit), region m_data_2 overflowed with stack and heap)
OUTPUT(spi_dma.elf elf32-littlearm)

.debug_info     0x00000000    0x1a2b6
 .debug_info    0x00000000     0x29d0 ./Sources/main.o
 .debug_info    0x000029d0      0x926 ./SDK/rtos/osif/osif_baremetal.o
 .debug_info    0x000032f6      0x889 ./SDK/platform/drivers/src/pins/pins_port_hw_access.o
 .debug_info    0x00003b7f     0x116d ./SDK/platform/drivers/src/pins/pins_driver.o
 .debug_info    0x00004cec     0x1c89 ./SDK/platform/drivers/src/lpspi/lpspi_slave_driver.o
 .debug_info    0x00006975      0xc17 ./SDK/platform/drivers/src/lpspi/lpspi_shared_function.o
 .debug_info    0x0000758c     0x2087 ./SDK/platform/drivers/src/lpspi/lpspi_master_driver.o
 .debug_info    0x00009613      0x741 ./SDK/platform/drivers/src/lpspi/lpspi_irq.o
 .debug_info    0x00009d54     0x11e7 ./SDK/platform/drivers/src/lpspi/lpspi_hw_access.o
 .debug_info    0x0000af3b      0x971 ./SDK/platform/drivers/src/interrupt/interrupt_manager.o
 .debug_info    0x0000b8ac      0x53f ./SDK/platform/drivers/src/edma/edma_irq.o
 .debug_info    0x0000bdeb      0x960 ./SDK/platform/drivers/src/edma/edma_hw_access.o
 .debug_info    0x0000c74b     0x2ada ./SDK/platform/drivers/src/edma/edma_driver.o
 .debug_info    0x0000f225     0x3ea1 ./SDK/platform/drivers/src/clock/S32K1xx/clock_S32K1xx.o
 .debug_info    0x000130c6      0x46d ./SDK/platform/devices/startup.o
 .debug_info    0x00013533      0x51e ./SDK/platform/devices/S32K144/startup/system_S32K144.o
 .debug_info    0x00013a51       0x26 ./Project_Settings/Startup_Code/startup_S32K144.o
 .debug_info    0x00013a77     0x20f3 ./Generated_Code/spi0.o
 .debug_info    0x00015b6a      0x40a ./Generated_Code/pin_mux.o
 .debug_info    0x00015f74     0x2134 ./Generated_Code/dmaController1.o
 .debug_info    0x000180a8     0x220e ./Generated_Code/clockMan1.o

.debug_abbrev   0x00000000     0x258c
 .debug_abbrev  0x00000000      0x222 ./Sources/main.o
 .debug_abbrev  0x00000222      0x24f ./SDK/rtos/osif/osif_baremetal.o
 .debug_abbrev  0x00000471      0x190 ./SDK/platform/drivers/src/pins/pins_port_hw_access.o
 .debug_abbrev  0x00000601      0x283 ./SDK/platform/drivers/src/pins/pins_driver.o
 .debug_abbrev  0x00000884      0x2d6 ./SDK/platform/drivers/src/lpspi/lpspi_slave_driver.o
 .debug_abbrev  0x00000b5a      0x1d9 ./SDK/platform/drivers/src/lpspi/lpspi_shared_function.o
 .debug_abbrev  0x00000d33      0x2f0 ./SDK/platform/drivers/src/lpspi/lpspi_master_driver.o
 .debug_abbrev  0x00001023      0x134 ./SDK/platform/drivers/src/lpspi/lpspi_irq.o
 .debug_abbrev  0x00001157      0x239 ./SDK/platform/drivers/src/lpspi/lpspi_hw_access.o
 .debug_abbrev  0x00001390      0x1be ./SDK/platform/drivers/src/interrupt/interrupt_manager.o
 .debug_abbrev  0x0000154e      0x167 ./SDK/platform/drivers/src/edma/edma_irq.o
 .debug_abbrev  0x000016b5      0x20b ./SDK/platform/drivers/src/edma/edma_hw_access.o
 .debug_abbrev  0x000018c0      0x2d2 ./SDK/platform/drivers/src/edma/edma_driver.o
 .debug_abbrev  0x00001b92      0x2f0 ./SDK/platform/drivers/src/clock/S32K1xx/clock_S32K1xx.o
 .debug_abbrev  0x00001e82      0x106 ./SDK/platform/devices/startup.o
 .debug_abbrev  0x00001f88      0x123 ./SDK/platform/devices/S32K144/startup/system_S32K144.o
 .debug_abbrev  0x000020ab       0x14 ./Project_Settings/Startup_Code/startup_S32K144.o
 .debug_abbrev  0x000020bf      0x151 ./Generated_Code/spi0.o
 .debug_abbrev  0x00002210       0xcd ./Generated_Code/pin_mux.o
 .debug_abbrev  0x000022dd      0x151 ./Generated_Code/dmaController1.o
 .debug_abbrev  0x0000242e      0x15e ./Generated_Code/clockMan1.o

.debug_aranges  0x00000000      0xec8
 .debug_aranges
                0x00000000       0x28 ./Sources/main.o
 .debug_aranges
                0x00000028       0xa0 ./SDK/rtos/osif/osif_baremetal.o
 .debug_aranges
                0x000000c8       0x50 ./SDK/platform/drivers/src/pins/pins_port_hw_access.o
 .debug_aranges
                0x00000118      0x190 ./SDK/platform/drivers/src/pins/pins_driver.o
 .debug_aranges
                0x000002a8       0xc8 ./SDK/platform/drivers/src/lpspi/lpspi_slave_driver.o
 .debug_aranges
                0x00000370       0x70 ./SDK/platform/drivers/src/lpspi/lpspi_shared_function.o
 .debug_aranges
                0x000003e0      0x110 ./SDK/platform/drivers/src/lpspi/lpspi_master_driver.o
 .debug_aranges
                0x000004f0       0x30 ./SDK/platform/drivers/src/lpspi/lpspi_irq.o
 .debug_aranges
                0x00000520       0x80 ./SDK/platform/drivers/src/lpspi/lpspi_hw_access.o
 .debug_aranges
                0x000005a0       0x78 ./SDK/platform/drivers/src/interrupt/interrupt_manager.o
 .debug_aranges
                0x00000618       0xa8 ./SDK/platform/drivers/src/edma/edma_irq.o
 .debug_aranges
                0x000006c0       0x90 ./SDK/platform/drivers/src/edma/edma_hw_access.o
 .debug_aranges
                0x00000750      0x230 ./SDK/platform/drivers/src/edma/edma_driver.o
 .debug_aranges
                0x00000980      0x478 ./SDK/platform/drivers/src/clock/S32K1xx/clock_S32K1xx.o
 .debug_aranges
                0x00000df8       0x20 ./SDK/platform/devices/startup.o
 .debug_aranges
                0x00000e18       0x30 ./SDK/platform/devices/S32K144/startup/system_S32K144.o
 .debug_aranges
                0x00000e48       0x20 ./Project_Settings/Startup_Code/startup_S32K144.o
 .debug_aranges
                0x00000e68       0x18 ./Generated_Code/spi0.o
 .debug_aranges
                0x00000e80       0x18 ./Generated_Code/pin_mux.o
 .debug_aranges
                0x00000e98       0x18 ./Generated_Code/dmaController1.o
 .debug_aranges
                0x00000eb0       0x18 ./Generated_Code/clockMan1.o

.debug_ranges   0x00000000      0xd60
 .debug_ranges  0x00000000       0x18 ./Sources/main.o
 .debug_ranges  0x00000018       0x90 ./SDK/rtos/osif/osif_baremetal.o
 .debug_ranges  0x000000a8       0x40 ./SDK/platform/drivers/src/pins/pins_port_hw_access.o
 .debug_ranges  0x000000e8      0x180 ./SDK/platform/drivers/src/pins/pins_driver.o
 .debug_ranges  0x00000268       0xb8 ./SDK/platform/drivers/src/lpspi/lpspi_slave_driver.o
 .debug_ranges  0x00000320       0x78 ./SDK/platform/drivers/src/lpspi/lpspi_shared_function.o
 .debug_ranges  0x00000398      0x100 ./SDK/platform/drivers/src/lpspi/lpspi_master_driver.o
 .debug_ranges  0x00000498       0x20 ./SDK/platform/drivers/src/lpspi/lpspi_irq.o
 .debug_ranges  0x000004b8       0x70 ./SDK/platform/drivers/src/lpspi/lpspi_hw_access.o
 .debug_ranges  0x00000528       0x68 ./SDK/platform/drivers/src/interrupt/interrupt_manager.o
 .debug_ranges  0x00000590       0x98 ./SDK/platform/drivers/src/edma/edma_irq.o
 .debug_ranges  0x00000628       0x80 ./SDK/platform/drivers/src/edma/edma_hw_access.o
 .debug_ranges  0x000006a8      0x220 ./SDK/platform/drivers/src/edma/edma_driver.o
 .debug_ranges  0x000008c8      0x468 ./SDK/platform/drivers/src/clock/S32K1xx/clock_S32K1xx.o
 .debug_ranges  0x00000d30       0x10 ./SDK/platform/devices/startup.o
 .debug_ranges  0x00000d40       0x20 ./SDK/platform/devices/S32K144/startup/system_S32K144.o

.debug_macro    0x00000000    0x21786
 .debug_macro   0x00000000      0x25e ./Sources/main.o
 .debug_macro   0x0000025e      0x8d4 ./Sources/main.o
 .debug_macro   0x00000b32       0x10 ./Sources/main.o
 .debug_macro   0x00000b42       0x79 ./Sources/main.o
 .debug_macro   0x00000bbb       0x19 ./Sources/main.o
 .debug_macro   0x00000bd4       0x22 ./Sources/main.o
 .debug_macro   0x00000bf6       0x4f ./Sources/main.o
 .debug_macro   0x00000c45       0x51 ./Sources/main.o
 .debug_macro   0x00000c96       0xef ./Sources/main.o
 .debug_macro   0x00000d85       0x6a ./Sources/main.o
 .debug_macro   0x00000def      0x1df ./Sources/main.o
 .debug_macro   0x00000fce     0xed1d ./Sources/main.o
 .debug_macro   0x0000fceb      0xb86 ./Sources/main.o
 .debug_macro   0x00010871       0x22 ./Sources/main.o
 .debug_macro   0x00010893       0x83 ./Sources/main.o
 .debug_macro   0x00010916      0x16d ./Sources/main.o
 .debug_macro   0x00010a83       0x16 ./Sources/main.o
 .debug_macro   0x00010a99       0x10 ./Sources/main.o
 .debug_macro   0x00010aa9       0x28 ./Sources/main.o
 .debug_macro   0x00010ad1       0x16 ./Sources/main.o
 .debug_macro   0x00010ae7       0x1c ./Sources/main.o
 .debug_macro   0x00010b03       0x52 ./Sources/main.o
 .debug_macro   0x00010b55       0x3c ./Sources/main.o
 .debug_macro   0x00010b91       0x9c ./Sources/main.o
 .debug_macro   0x00010c2d       0x52 ./Sources/main.o
 .debug_macro   0x00010c7f       0x1f ./Sources/main.o
 .debug_macro   0x00010c9e       0x43 ./Sources/main.o
 .debug_macro   0x00010ce1       0x20 ./Sources/main.o
 .debug_macro   0x00010d01      0x1a3 ./Sources/main.o
 .debug_macro   0x00010ea4      0x330 ./Sources/main.o
 .debug_macro   0x000111d4       0x10 ./Sources/main.o
 .debug_macro   0x000111e4       0x35 ./Sources/main.o
 .debug_macro   0x00011219       0xfb ./SDK/rtos/osif/osif_baremetal.o
 .debug_macro   0x00011314     0xed32 ./SDK/rtos/osif/osif_baremetal.o
 .debug_macro   0x00020046       0xde ./SDK/platform/drivers/src/pins/pins_port_hw_access.o
 .debug_macro   0x00020124       0xde ./SDK/platform/drivers/src/pins/pins_driver.o
 .debug_macro   0x00020202      0x1cf ./SDK/platform/drivers/src/lpspi/lpspi_slave_driver.o
 .debug_macro   0x000203d1       0x4c ./SDK/platform/drivers/src/lpspi/lpspi_slave_driver.o
 .debug_macro   0x0002041d       0x55 ./SDK/platform/drivers/src/lpspi/lpspi_slave_driver.o
 .debug_macro   0x00020472       0x57 ./SDK/platform/drivers/src/lpspi/lpspi_slave_driver.o
 .debug_macro   0x000204c9       0x10 ./SDK/platform/drivers/src/lpspi/lpspi_slave_driver.o
 .debug_macro   0x000204d9      0x13e ./SDK/platform/drivers/src/lpspi/lpspi_shared_function.o
 .debug_macro   0x00020617       0x16 ./SDK/platform/drivers/src/lpspi/lpspi_shared_function.o
 .debug_macro   0x0002062d      0x1d5 ./SDK/platform/drivers/src/lpspi/lpspi_master_driver.o
 .debug_macro   0x00020802      0x136 ./SDK/platform/drivers/src/lpspi/lpspi_irq.o
 .debug_macro   0x00020938      0x10a ./SDK/platform/drivers/src/lpspi/lpspi_hw_access.o
 .debug_macro   0x00020a42       0xb7 ./SDK/platform/drivers/src/interrupt/interrupt_manager.o
 .debug_macro   0x00020af9       0xd0 ./SDK/platform/drivers/src/edma/edma_irq.o
 .debug_macro   0x00020bc9       0xcc ./SDK/platform/drivers/src/edma/edma_hw_access.o
 .debug_macro   0x00020c95       0xf7 ./SDK/platform/drivers/src/edma/edma_driver.o
 .debug_macro   0x00020d8c      0x2a3 ./SDK/platform/drivers/src/clock/S32K1xx/clock_S32K1xx.o
 .debug_macro   0x0002102f       0xb6 ./SDK/platform/devices/startup.o
 .debug_macro   0x000210e5       0x40 ./SDK/platform/devices/startup.o
 .debug_macro   0x00021125       0xb6 ./SDK/platform/devices/S32K144/startup/system_S32K144.o
 .debug_macro   0x000211db      0x194 ./Generated_Code/spi0.o
 .debug_macro   0x0002136f       0x16 ./Generated_Code/spi0.o
 .debug_macro   0x00021385       0xdd ./Generated_Code/pin_mux.o
 .debug_macro   0x00021462      0x194 ./Generated_Code/dmaController1.o
 .debug_macro   0x000215f6      0x190 ./Generated_Code/clockMan1.o

.debug_line     0x00000000     0x982d
 .debug_line    0x00000000      0x6fd ./Sources/main.o
 .debug_line    0x000006fd      0x63a ./SDK/rtos/osif/osif_baremetal.o
 .debug_line    0x00000d37      0x57b ./SDK/platform/drivers/src/pins/pins_port_hw_access.o
 .debug_line    0x000012b2      0x830 ./SDK/platform/drivers/src/pins/pins_driver.o
 .debug_line    0x00001ae2      0x8db ./SDK/platform/drivers/src/lpspi/lpspi_slave_driver.o
 .debug_line    0x000023bd      0x699 ./SDK/platform/drivers/src/lpspi/lpspi_shared_function.o
 .debug_line    0x00002a56      0x9d9 ./SDK/platform/drivers/src/lpspi/lpspi_master_driver.o
 .debug_line    0x0000342f      0x587 ./SDK/platform/drivers/src/lpspi/lpspi_irq.o
 .debug_line    0x000039b6      0x6ac ./SDK/platform/drivers/src/lpspi/lpspi_hw_access.o
 .debug_line    0x00004062      0x588 ./SDK/platform/drivers/src/interrupt/interrupt_manager.o
 .debug_line    0x000045ea      0x5a8 ./SDK/platform/drivers/src/edma/edma_irq.o
 .debug_line    0x00004b92      0x63e ./SDK/platform/drivers/src/edma/edma_hw_access.o
 .debug_line    0x000051d0      0xf44 ./SDK/platform/drivers/src/edma/edma_driver.o
 .debug_line    0x00006114     0x1921 ./SDK/platform/drivers/src/clock/S32K1xx/clock_S32K1xx.o
 .debug_line    0x00007a35      0x39f ./SDK/platform/devices/startup.o
 .debug_line    0x00007dd4      0x418 ./SDK/platform/devices/S32K144/startup/system_S32K144.o
 .debug_line    0x000081ec       0xcc ./Project_Settings/Startup_Code/startup_S32K144.o
 .debug_line    0x000082b8      0x5d9 ./Generated_Code/spi0.o
 .debug_line    0x00008891      0x3db ./Generated_Code/pin_mux.o
 .debug_line    0x00008c6c      0x5e3 ./Generated_Code/dmaController1.o
 .debug_line    0x0000924f      0x5de ./Generated_Code/clockMan1.o

.debug_str      0x00000000    0x7424d
 .debug_str     0x00000000    0x6eb32 ./Sources/main.o
                              0x6f08f (size before relaxing)
 .debug_str     0x0006eb32      0x22d ./SDK/rtos/osif/osif_baremetal.o
                              0x69919 (size before relaxing)
 .debug_str     0x0006ed5f      0x38d ./SDK/platform/drivers/src/pins/pins_port_hw_access.o
                              0x68ff2 (size before relaxing)
 .debug_str     0x0006f0ec      0x526 ./SDK/platform/drivers/src/pins/pins_driver.o
                              0x69abb (size before relaxing)
 .debug_str     0x0006f612      0x635 ./SDK/platform/drivers/src/lpspi/lpspi_slave_driver.o
                              0x6d8d8 (size before relaxing)
 .debug_str     0x0006fc47      0x1eb ./SDK/platform/drivers/src/lpspi/lpspi_shared_function.o
                              0x69e5d (size before relaxing)
 .debug_str     0x0006fe32      0x412 ./SDK/platform/drivers/src/lpspi/lpspi_master_driver.o
                              0x6db72 (size before relaxing)
 .debug_str     0x00070244       0x96 ./SDK/platform/drivers/src/lpspi/lpspi_irq.o
                              0x6987d (size before relaxing)
 .debug_str     0x000702da      0x250 ./SDK/platform/drivers/src/lpspi/lpspi_hw_access.o
                              0x6a616 (size before relaxing)
 .debug_str     0x0007052a      0x285 ./SDK/platform/drivers/src/interrupt/interrupt_manager.o
                              0x68e2d (size before relaxing)
 .debug_str     0x000707af      0x26d ./SDK/platform/drivers/src/edma/edma_irq.o
                              0x68bd0 (size before relaxing)
 .debug_str     0x00070a1c      0x436 ./SDK/platform/drivers/src/edma/edma_hw_access.o
                              0x68f0d (size before relaxing)
 .debug_str     0x00070e52      0xc5c ./SDK/platform/drivers/src/edma/edma_driver.o
                              0x6b5de (size before relaxing)
 .debug_str     0x00071aae     0x2248 ./SDK/platform/drivers/src/clock/S32K1xx/clock_S32K1xx.o
                              0x6c9a6 (size before relaxing)
 .debug_str     0x00073cf6      0x38c ./SDK/platform/devices/startup.o
                              0x68a53 (size before relaxing)
 .debug_str     0x00074082       0xd9 ./SDK/platform/devices/S32K144/startup/system_S32K144.o
                              0x6883c (size before relaxing)
 .debug_str     0x0007415b       0x7c ./Project_Settings/Startup_Code/startup_S32K144.o
                                 0xa7 (size before relaxing)
 .debug_str     0x000741d7       0x19 ./Generated_Code/spi0.o
                              0x6bec5 (size before relaxing)
 .debug_str     0x000741f0       0x1c ./Generated_Code/pin_mux.o
                              0x68ca3 (size before relaxing)
 .debug_str     0x0007420c       0x23 ./Generated_Code/dmaController1.o
                              0x6becf (size before relaxing)
 .debug_str     0x0007422f       0x1e ./Generated_Code/clockMan1.o
                              0x6c362 (size before relaxing)

.comment        0x00000000       0xa0
 .comment       0x00000000       0xa0 ./Sources/main.o
                                 0xa1 (size before relaxing)
 .comment       0x000000a0       0xa1 ./SDK/rtos/osif/osif_baremetal.o
 .comment       0x000000a0       0xa1 ./SDK/platform/drivers/src/pins/pins_port_hw_access.o
 .comment       0x000000a0       0xa1 ./SDK/platform/drivers/src/pins/pins_driver.o
 .comment       0x000000a0       0xa1 ./SDK/platform/drivers/src/lpspi/lpspi_slave_driver.o
 .comment       0x000000a0       0xa1 ./SDK/platform/drivers/src/lpspi/lpspi_shared_function.o
 .comment       0x000000a0       0xa1 ./SDK/platform/drivers/src/lpspi/lpspi_master_driver.o
 .comment       0x000000a0       0xa1 ./SDK/platform/drivers/src/lpspi/lpspi_irq.o
 .comment       0x000000a0       0xa1 ./SDK/platform/drivers/src/lpspi/lpspi_hw_access.o
 .comment       0x000000a0       0xa1 ./SDK/platform/drivers/src/interrupt/interrupt_manager.o
 .comment       0x000000a0       0xa1 ./SDK/platform/drivers/src/edma/edma_irq.o
 .comment       0x000000a0       0xa1 ./SDK/platform/drivers/src/edma/edma_hw_access.o
 .comment       0x000000a0       0xa1 ./SDK/platform/drivers/src/edma/edma_driver.o
 .comment       0x000000a0       0xa1 ./SDK/platform/drivers/src/clock/S32K1xx/clock_S32K1xx.o
 .comment       0x000000a0       0xa1 ./SDK/platform/devices/startup.o
 .comment       0x000000a0       0xa1 ./SDK/platform/devices/S32K144/startup/system_S32K144.o
 .comment       0x000000a0       0xa1 ./Generated_Code/spi0.o
 .comment       0x000000a0       0xa1 ./Generated_Code/pin_mux.o
 .comment       0x000000a0       0xa1 ./Generated_Code/dmaController1.o
 .comment       0x000000a0       0xa1 ./Generated_Code/clockMan1.o

.debug_frame    0x00000000     0x3d14
 .debug_frame   0x00000000       0x60 ./Sources/main.o
 .debug_frame   0x00000060      0x260 ./SDK/rtos/osif/osif_baremetal.o
 .debug_frame   0x000002c0      0x11c ./SDK/platform/drivers/src/pins/pins_port_hw_access.o
 .debug_frame   0x000003dc      0x6e8 ./SDK/platform/drivers/src/pins/pins_driver.o
 .debug_frame   0x00000ac4      0x364 ./SDK/platform/drivers/src/lpspi/lpspi_slave_driver.o
 .debug_frame   0x00000e28      0x1bc ./SDK/platform/drivers/src/lpspi/lpspi_shared_function.o
 .debug_frame   0x00000fe4      0x4b4 ./SDK/platform/drivers/src/lpspi/lpspi_master_driver.o
 .debug_frame   0x00001498       0x64 ./SDK/platform/drivers/src/lpspi/lpspi_irq.o
 .debug_frame   0x000014fc      0x218 ./SDK/platform/drivers/src/lpspi/lpspi_hw_access.o
 .debug_frame   0x00001714      0x1bc ./SDK/platform/drivers/src/interrupt/interrupt_manager.o
 .debug_frame   0x000018d0      0x21c ./SDK/platform/drivers/src/edma/edma_irq.o
 .debug_frame   0x00001aec      0x248 ./SDK/platform/drivers/src/edma/edma_hw_access.o
 .debug_frame   0x00001d34      0x9a8 ./SDK/platform/drivers/src/edma/edma_driver.o
 .debug_frame   0x000026dc     0x1538 ./SDK/platform/drivers/src/clock/S32K1xx/clock_S32K1xx.o
 .debug_frame   0x00003c14       0x38 ./SDK/platform/devices/startup.o
 .debug_frame   0x00003c4c       0x80 ./SDK/platform/devices/S32K144/startup/system_S32K144.o
 .debug_frame   0x00003ccc       0x28 D:/NXP/S32DS_ARM_v2018.R1/Cross_Tools/gcc-6.3-arm32-eabi/arm-none-eabi/newlib/lib/thumb/v7e-m/fpv4-sp/hard\libc_nano.a(lib_a-memcmp.o)
 .debug_frame   0x00003cf4       0x20 D:/NXP/S32DS_ARM_v2018.R1/Cross_Tools/gcc-6.3-arm32-eabi/arm-none-eabi/newlib/lib/thumb/v7e-m/fpv4-sp/hard\libc_nano.a(lib_a-memset.o)
